Archive member included to satisfy reference by file (symbol)

C:/ST/STM32CubeIDE_1.13.1/STM32CubeIDE/plugins/com.st.stm32cube.ide.mcu.externaltools.gnu-tools-for-stm32.12.3.rel1.win32_1.0.200.202406191623/tools/bin/../lib/gcc/arm-none-eabi/12.3.1/../../../../arm-none-eabi/lib/thumb/v7e-m+fp/hard\libc_nano.a(libc_a-exit.o)
                              C:/ST/STM32CubeIDE_1.13.1/STM32CubeIDE/plugins/com.st.stm32cube.ide.mcu.externaltools.gnu-tools-for-stm32.12.3.rel1.win32_1.0.200.202406191623/tools/bin/../lib/gcc/arm-none-eabi/12.3.1/../../../../arm-none-eabi/lib/thumb/v7e-m+fp/hard/crt0.o (exit)
C:/ST/STM32CubeIDE_1.13.1/STM32CubeIDE/plugins/com.st.stm32cube.ide.mcu.externaltools.gnu-tools-for-stm32.12.3.rel1.win32_1.0.200.202406191623/tools/bin/../lib/gcc/arm-none-eabi/12.3.1/../../../../arm-none-eabi/lib/thumb/v7e-m+fp/hard\libc_nano.a(libc_a-findfp.o)
                              C:/ST/STM32CubeIDE_1.13.1/STM32CubeIDE/plugins/com.st.stm32cube.ide.mcu.externaltools.gnu-tools-for-stm32.12.3.rel1.win32_1.0.200.202406191623/tools/bin/../lib/gcc/arm-none-eabi/12.3.1/../../../../arm-none-eabi/lib/thumb/v7e-m+fp/hard\libc_nano.a(libc_a-exit.o) (__stdio_exit_handler)
C:/ST/STM32CubeIDE_1.13.1/STM32CubeIDE/plugins/com.st.stm32cube.ide.mcu.externaltools.gnu-tools-for-stm32.12.3.rel1.win32_1.0.200.202406191623/tools/bin/../lib/gcc/arm-none-eabi/12.3.1/../../../../arm-none-eabi/lib/thumb/v7e-m+fp/hard\libc_nano.a(libc_a-fwalk.o)
                              C:/ST/STM32CubeIDE_1.13.1/STM32CubeIDE/plugins/com.st.stm32cube.ide.mcu.externaltools.gnu-tools-for-stm32.12.3.rel1.win32_1.0.200.202406191623/tools/bin/../lib/gcc/arm-none-eabi/12.3.1/../../../../arm-none-eabi/lib/thumb/v7e-m+fp/hard\libc_nano.a(libc_a-findfp.o) (_fwalk_sglue)
C:/ST/STM32CubeIDE_1.13.1/STM32CubeIDE/plugins/com.st.stm32cube.ide.mcu.externaltools.gnu-tools-for-stm32.12.3.rel1.win32_1.0.200.202406191623/tools/bin/../lib/gcc/arm-none-eabi/12.3.1/../../../../arm-none-eabi/lib/thumb/v7e-m+fp/hard\libc_nano.a(libc_a-puts.o)
                              ./Core/Src/main.o (puts)
C:/ST/STM32CubeIDE_1.13.1/STM32CubeIDE/plugins/com.st.stm32cube.ide.mcu.externaltools.gnu-tools-for-stm32.12.3.rel1.win32_1.0.200.202406191623/tools/bin/../lib/gcc/arm-none-eabi/12.3.1/../../../../arm-none-eabi/lib/thumb/v7e-m+fp/hard\libc_nano.a(libc_a-snprintf.o)
                              ./External/ssd1306/ssd1306_tests.o (snprintf)
C:/ST/STM32CubeIDE_1.13.1/STM32CubeIDE/plugins/com.st.stm32cube.ide.mcu.externaltools.gnu-tools-for-stm32.12.3.rel1.win32_1.0.200.202406191623/tools/bin/../lib/gcc/arm-none-eabi/12.3.1/../../../../arm-none-eabi/lib/thumb/v7e-m+fp/hard\libc_nano.a(libc_a-stdio.o)
                              C:/ST/STM32CubeIDE_1.13.1/STM32CubeIDE/plugins/com.st.stm32cube.ide.mcu.externaltools.gnu-tools-for-stm32.12.3.rel1.win32_1.0.200.202406191623/tools/bin/../lib/gcc/arm-none-eabi/12.3.1/../../../../arm-none-eabi/lib/thumb/v7e-m+fp/hard\libc_nano.a(libc_a-findfp.o) (__sread)
C:/ST/STM32CubeIDE_1.13.1/STM32CubeIDE/plugins/com.st.stm32cube.ide.mcu.externaltools.gnu-tools-for-stm32.12.3.rel1.win32_1.0.200.202406191623/tools/bin/../lib/gcc/arm-none-eabi/12.3.1/../../../../arm-none-eabi/lib/thumb/v7e-m+fp/hard\libc_nano.a(libc_a-wbuf.o)
                              C:/ST/STM32CubeIDE_1.13.1/STM32CubeIDE/plugins/com.st.stm32cube.ide.mcu.externaltools.gnu-tools-for-stm32.12.3.rel1.win32_1.0.200.202406191623/tools/bin/../lib/gcc/arm-none-eabi/12.3.1/../../../../arm-none-eabi/lib/thumb/v7e-m+fp/hard\libc_nano.a(libc_a-puts.o) (__swbuf_r)
C:/ST/STM32CubeIDE_1.13.1/STM32CubeIDE/plugins/com.st.stm32cube.ide.mcu.externaltools.gnu-tools-for-stm32.12.3.rel1.win32_1.0.200.202406191623/tools/bin/../lib/gcc/arm-none-eabi/12.3.1/../../../../arm-none-eabi/lib/thumb/v7e-m+fp/hard\libc_nano.a(libc_a-wsetup.o)
                              C:/ST/STM32CubeIDE_1.13.1/STM32CubeIDE/plugins/com.st.stm32cube.ide.mcu.externaltools.gnu-tools-for-stm32.12.3.rel1.win32_1.0.200.202406191623/tools/bin/../lib/gcc/arm-none-eabi/12.3.1/../../../../arm-none-eabi/lib/thumb/v7e-m+fp/hard\libc_nano.a(libc_a-puts.o) (__swsetup_r)
C:/ST/STM32CubeIDE_1.13.1/STM32CubeIDE/plugins/com.st.stm32cube.ide.mcu.externaltools.gnu-tools-for-stm32.12.3.rel1.win32_1.0.200.202406191623/tools/bin/../lib/gcc/arm-none-eabi/12.3.1/../../../../arm-none-eabi/lib/thumb/v7e-m+fp/hard\libc_nano.a(libc_a-memmove.o)
                              ./External/ssd1306/ssd1306_tests.o (memmove)
C:/ST/STM32CubeIDE_1.13.1/STM32CubeIDE/plugins/com.st.stm32cube.ide.mcu.externaltools.gnu-tools-for-stm32.12.3.rel1.win32_1.0.200.202406191623/tools/bin/../lib/gcc/arm-none-eabi/12.3.1/../../../../arm-none-eabi/lib/thumb/v7e-m+fp/hard\libc_nano.a(libc_a-memset.o)
[...]
Memory Configuration

Name             Origin             Length             Attributes
RAM              0x20000000         0x00018000         xrw
RAM2             0x10000000         0x00008000         xrw
FLASH            0x08000000         0x00100000         xr
*default*        0x00000000         0xffffffff

Linker script and memory map

LOAD C:/ST/STM32CubeIDE_1.13.1/STM32CubeIDE/plugins/com.st.stm32cube.ide.mcu.externaltools.gnu-tools-for-stm32.12.3.rel1.win32_1.0.200.202406191623/tools/bin/../lib/gcc/arm-none-eabi/12.3.1/thumb/v7e-m+fp/hard/crti.o
LOAD C:/ST/STM32CubeIDE_1.13.1/STM32CubeIDE/plugins/com.st.stm32cube.ide.mcu.externaltools.gnu-tools-for-stm32.12.3.rel1.win32_1.0.200.202406191623/tools/bin/../lib/gcc/arm-none-eabi/12.3.1/thumb/v7e-m+fp/hard/crtbegin.o
LOAD C:/ST/STM32CubeIDE_1.13.1/STM32CubeIDE/plugins/com.st.stm32cube.ide.mcu.externaltools.gnu-tools-for-stm32.12.3.rel1.win32_1.0.200.202406191623/tools/bin/../lib/gcc/arm-none-eabi/12.3.1/../../../../arm-none-eabi/lib/thumb/v7e-m+fp/hard/crt0.o
LOAD ./Core/Src/keypad.o
LOAD ./Core/Src/main.o
LOAD ./Core/Src/ring_buffer.o
LOAD ./Core/Src/stm32l4xx_hal_msp.o
LOAD ./Core/Src/stm32l4xx_it.o
LOAD ./Core/Src/syscalls.o
LOAD ./Core/Src/sysmem.o
LOAD ./Core/Src/system_stm32l4xx.o
LOAD ./Core/Startup/startup_stm32l476rgtx.o
LOAD ./Drivers/STM32L4xx_HAL_Driver/Src/stm32l4xx_hal.o
LOAD ./Drivers/STM32L4xx_HAL_Driver/Src/stm32l4xx_hal_adc.o
LOAD ./Drivers/STM32L4xx_HAL_Driver/Src/stm32l4xx_hal_adc_ex.o
LOAD ./Drivers/STM32L4xx_HAL_Driver/Src/stm32l4xx_hal_cortex.o
LOAD ./Drivers/STM32L4xx_HAL_Driver/Src/stm32l4xx_hal_dma.o
LOAD ./Drivers/STM32L4xx_HAL_Driver/Src/stm32l4xx_hal_dma_ex.o
LOAD ./Drivers/STM32L4xx_HAL_Driver/Src/stm32l4xx_hal_exti.o
LOAD ./Drivers/STM32L4xx_HAL_Driver/Src/stm32l4xx_hal_flash.o
LOAD ./Drivers/STM32L4xx_HAL_Driver/Src/stm32l4xx_hal_flash_ex.o
LOAD ./Drivers/STM32L4xx_HAL_Driver/Src/stm32l4xx_hal_flash_ramfunc.o
LOAD ./Drivers/STM32L4xx_HAL_Driver/Src/stm32l4xx_hal_gpio.o
LOAD ./Drivers/STM32L4xx_HAL_Driver/Src/stm32l4xx_hal_i2c.o
LOAD ./Drivers/STM32L4xx_HAL_Driver/Src/stm32l4xx_hal_i2c_ex.o
LOAD ./Drivers/STM32L4xx_HAL_Driver/Src/stm32l4xx_hal_pwr.o
LOAD ./Drivers/STM32L4xx_HAL_Driver/Src/stm32l4xx_hal_pwr_ex.o
LOAD ./Drivers/STM32L4xx_HAL_Driver/Src/stm32l4xx_hal_rcc.o
LOAD ./Drivers/STM32L4xx_HAL_Driver/Src/stm32l4xx_hal_rcc_ex.o
LOAD ./Drivers/STM32L4xx_HAL_Driver/Src/stm32l4xx_hal_tim.o
LOAD ./Drivers/STM32L4xx_HAL_Driver/Src/stm32l4xx_hal_tim_ex.o
LOAD ./Drivers/STM32L4xx_HAL_Driver/Src/stm32l4xx_hal_uart.o
LOAD ./Drivers/STM32L4xx_HAL_Driver/Src/stm32l4xx_hal_uart_ex.o
LOAD ./External/ssd1306/ssd1306.o
LOAD ./External/ssd1306/ssd1306_fonts.o
LOAD ./External/ssd1306/ssd1306_tests.o
START GROUP
LOAD C:/ST/STM32CubeIDE_1.13.1/STM32CubeIDE/plugins/com.st.stm32cube.ide.mcu.externaltools.gnu-tools-for-stm32.12.3.rel1.win32_1.0.200.202406191623/tools/bin/../lib/gcc/arm-none-eabi/12.3.1/../../../../arm-none-eabi/lib/thumb/v7e-m+fp/hard\libc_nano.a
LOAD C:/ST/STM32CubeIDE_1.13.1/STM32CubeIDE/plugins/com.st.stm32cube.ide.mcu.externaltools.gnu-tools-for-stm32.12.3.rel1.win32_1.0.200.202406191623/tools/bin/../lib/gcc/arm-none-eabi/12.3.1/../../../../arm-none-eabi/lib/thumb/v7e-m+fp/hard\libm.a
END GROUP
START GROUP
LOAD C:/ST/STM32CubeIDE_1.13.1/STM32CubeIDE/plugins/com.st.stm32cube.ide.mcu.externaltools.gnu-tools-for-stm32.12.3.rel1.win32_1.0.200.202406191623/tools/bin/../lib/gcc/arm-none-eabi/12.3.1/thumb/v7e-m+fp/hard\libgcc.a
LOAD C:/ST/STM32CubeIDE_1.13.1/STM32CubeIDE/plugins/com.st.stm32cube.ide.mcu.externaltools.gnu-tools-for-stm32.12.3.rel1.win32_1.0.200.202406191623/tools/bin/../lib/gcc/arm-none-eabi/12.3.1/../../../../arm-none-eabi/lib/thumb/v7e-m+fp/hard\libc_nano.a
END GROUP
START GROUP
LOAD C:/ST/STM32CubeIDE_1.13.1/STM32CubeIDE/plugins/com.st.stm32cube.ide.mcu.externaltools.gnu-tools-for-stm32.12.3.rel1.win32_1.0.200.202406191623/tools/bin/../lib/gcc/arm-none-eabi/12.3.1/thumb/v7e-m+fp/hard\libgcc.a
LOAD C:/ST/STM32CubeIDE_1.13.1/STM32CubeIDE/plugins/com.st.stm32cube.ide.mcu.externaltools.gnu-tools-for-stm32.12.3.rel1.win32_1.0.200.202406191623/tools/bin/../lib/gcc/arm-none-eabi/12.3.1/../../../../arm-none-eabi/lib/thumb/v7e-m+fp/hard\libc_nano.a
LOAD C:/ST/STM32CubeIDE_1.13.1/STM32CubeIDE/plugins/com.st.stm32cube.ide.mcu.externaltools.gnu-tools-for-stm32.12.3.rel1.win32_1.0.200.202406191623/tools/bin/../lib/gcc/arm-none-eabi/12.3.1/../../../../arm-none-eabi/lib/thumb/v7e-m+fp/hard\libnosys.a
END GROUP
START GROUP
LOAD C:/ST/STM32CubeIDE_1.13.1/STM32CubeIDE/plugins/com.st.stm32cube.ide.mcu.externaltools.gnu-tools-for-stm32.12.3.rel1.win32_1.0.200.202406191623/tools/bin/../lib/gcc/arm-none-eabi/12.3.1/thumb/v7e-m+fp/hard\libgcc.a
LOAD C:/ST/STM32CubeIDE_1.13.1/STM32CubeIDE/plugins/com.st.stm32cube.ide.mcu.externaltools.gnu-tools-for-stm32.12.3.rel1.win32_1.0.200.202406191623/tools/bin/../lib/gcc/arm-none-eabi/12.3.1/../../../../arm-none-eabi/lib/thumb/v7e-m+fp/hard\libc_nano.a
LOAD C:/ST/STM32CubeIDE_1.13.1/STM32CubeIDE/plugins/com.st.stm32cube.ide.mcu.externaltools.gnu-tools-for-stm32.12.3.rel1.win32_1.0.200.202406191623/tools/bin/../lib/gcc/arm-none-eabi/12.3.1/../../../../arm-none-eabi/lib/thumb/v7e-m+fp/hard\libnosys.a
END GROUP
LOAD C:/ST/STM32CubeIDE_1.13.1/STM32CubeIDE/plugins/com.st.stm32cube.ide.mcu.externaltools.gnu-tools-for-stm32.12.3.rel1.win32_1.0.200.202406191623/tools/bin/../lib/gcc/arm-none-eabi/12.3.1/thumb/v7e-m+fp/hard/crtend.o
LOAD C:/ST/STM32CubeIDE_1.13.1/STM32CubeIDE/plugins/com.st.stm32cube.ide.mcu.externaltools.gnu-tools-for-stm32.12.3.rel1.win32_1.0.200.202406191623/tools/bin/../lib/gcc/arm-none-eabi/12.3.1/thumb/v7e-m+fp/hard/crtn.o
                0x20018000                        _estack = (ORIGIN (RAM) + LENGTH (RAM))
                0x00000200                        _Min_Heap_Size = 0x200
                0x00000400                        _Min_Stack_Size = 0x400

.isr_vector     0x08000000      0x188
                0x08000000                        . = ALIGN (0x4)
 *(.isr_vector)
 .isr_vector    0x08000000      0x188 ./Core/Startup/startup_stm32l476rgtx.o
                0x08000000                g_pfnVectors
                0x08000188                        . = ALIGN (0x4)

.text           0x08000188     0x5c4c
                0x08000188                        . = ALIGN (0x4)
 *(.text)
 .text          0x08000188       0x40 C:/ST/STM32CubeIDE_1.13.1/STM32CubeIDE/plugins/com.st.stm32cube.ide.mcu.externaltools.gnu-tools-for-stm32.12.3.rel1.win32_1.0.200.202406191623/tools/bin/../lib/gcc/arm-none-eabi/12.3.1/thumb/v7e-m+fp/hard/crtbegin.o
 .text          0x080001c8       0x30 C:/ST/STM32CubeIDE_1.13.1/STM32CubeIDE/plugins/com.st.stm32cube.ide.mcu.externaltools.gnu-tools-for-stm32.12.3.rel1.win32_1.0.200.202406191623/tools/bin/../lib/gcc/arm-none-eabi/12.3.1/thumb/v7e-m+fp/hard\libgcc.a(_aeabi_uldivmod.o)
                0x080001c8                __aeabi_uldivmod
 .text          0x080001f8      0x2bc C:/ST/STM32CubeIDE_1.13.1/STM32CubeIDE/plugins/com.st.stm32cube.ide.mcu.externaltools.gnu-tools-for-stm32.12.3.rel1.win32_1.0.200.202406191623/tools/bin/../lib/gcc/arm-none-eabi/12.3.1/thumb/v7e-m+fp/hard\libgcc.a(_udivmoddi4.o)
                0x080001f8                __udivmoddi4
 .text          0x080004b4        0x4 C:/ST/STM32CubeIDE_1.13.1/STM32CubeIDE/plugins/com.st.stm32cube.ide.mcu.externaltools.gnu-tools-for-stm32.12.3.rel1.win32_1.0.200.202406191623/tools/bin/../lib/gcc/arm-none-eabi/12.3.1/thumb/v7e-m+fp/hard\libgcc.a(_dvmd_tls.o)
                0x080004b4                __aeabi_idiv0
                0x080004b4                __aeabi_ldiv0
 *(.text*)
 .text.keypad_debounce
                0x080004b8       0x4c ./Core/Src/keypad.o
 .text.keypad_scan_row
                0x08000504       0xd0 ./Core/Src/keypad.o
                0x08000504                keypad_scan_row
 .text.keypad_scan
                0x080005d4       0xdc ./Core/Src/keypad.o
                0x080005d4                keypad_scan
 .text._write   0x080006b0       0x28 ./Core/Src/main.o
                0x080006b0                _write
 .text.HAL_GPIO_EXTI_Callback
                0x080006d8      0x210 ./Core/Src/main.o
                0x080006d8                HAL_GPIO_EXTI_Callback
 .text.main     0x080008e8       0x68 ./Core/Src/main.o
                0x080008e8                main
 .text.SystemClock_Config
                0x08000950       0xa4 ./Core/Src/main.o
                0x08000950                SystemClock_Config
 .text.MX_I2C1_Init
                0x080009f4       0x80 ./Core/Src/main.o
 .text.MX_USART2_UART_Init
                0x08000a74       0x60 ./Core/Src/main.o
 .text.MX_GPIO_Init
                0x08000ad4      0x148 ./Core/Src/main.o
 .text.Error_Handler
                0x08000c1c        0xc ./Core/Src/main.o
                0x08000c1c                Error_Handler
 .text.ring_buffer_init
                0x08000c28       0x28 ./Core/Src/ring_buffer.o
                0x08000c28                ring_buffer_init
 .text.ring_buffer_reset
                0x08000c50       0x26 ./Core/Src/ring_buffer.o
                0x08000c50                ring_buffer_reset
 .text.ring_buffer_write
                0x08000c76       0x7c ./Core/Src/ring_buffer.o
                0x08000c76                ring_buffer_write
 .text.ring_buffer_read
                0x08000cf2       0x64 ./Core/Src/ring_buffer.o
                0x08000cf2                ring_buffer_read
 *fill*         0x08000d56        0x2 
 .text.HAL_MspInit
                0x08000d58       0x48 ./Core/Src/stm32l4xx_hal_msp.o
                0x08000d58                HAL_MspInit
 .text.HAL_I2C_MspInit
                0x08000da0       0xdc ./Core/Src/stm32l4xx_hal_msp.o
                0x08000da0                HAL_I2C_MspInit
 .text.HAL_UART_MspInit
                0x08000e7c       0xb8 ./Core/Src/stm32l4xx_hal_msp.o
                0x08000e7c                HAL_UART_MspInit
 .text.NMI_Handler
                0x08000f34        0x8 ./Core/Src/stm32l4xx_it.o
                0x08000f34                NMI_Handler
 .text.HardFault_Handler
                0x08000f3c        0x8 ./Core/Src/stm32l4xx_it.o
                0x08000f3c                HardFault_Handler
 .text.MemManage_Handler
                0x08000f44        0x8 ./Core/Src/stm32l4xx_it.o
                0x08000f44                MemManage_Handler
 .text.BusFault_Handler
                0x08000f4c        0x8 ./Core/Src/stm32l4xx_it.o
                0x08000f4c                BusFault_Handler
 .text.UsageFault_Handler
                0x08000f54        0x8 ./Core/Src/stm32l4xx_it.o
                0x08000f54                UsageFault_Handler
 .text.SVC_Handler
                0x08000f5c        0xe ./Core/Src/stm32l4xx_it.o
                0x08000f5c                SVC_Handler
 .text.DebugMon_Handler
                0x08000f6a        0xe ./Core/Src/stm32l4xx_it.o
                0x08000f6a                DebugMon_Handler
 .text.PendSV_Handler
                0x08000f78        0xe ./Core/Src/stm32l4xx_it.o
                0x08000f78                PendSV_Handler
 .text.SysTick_Handler
                0x08000f86        0xc ./Core/Src/stm32l4xx_it.o
                0x08000f86                SysTick_Handler
 .text.EXTI9_5_IRQHandler
                0x08000f92       0x1e ./Core/Src/stm32l4xx_it.o
                0x08000f92                EXTI9_5_IRQHandler
 .text.I2C1_EV_IRQHandler
                0x08000fb0       0x14 ./Core/Src/stm32l4xx_it.o
                0x08000fb0                I2C1_EV_IRQHandler
 .text.I2C1_ER_IRQHandler
                0x08000fc4       0x14 ./Core/Src/stm32l4xx_it.o
                0x08000fc4                I2C1_ER_IRQHandler
 .text.EXTI15_10_IRQHandler
                0x08000fd8       0x10 ./Core/Src/stm32l4xx_it.o
                0x08000fd8                EXTI15_10_IRQHandler
 .text._read    0x08000fe8       0x3a ./Core/Src/syscalls.o
                0x08000fe8                _read
 .text._close   0x08001022       0x18 ./Core/Src/syscalls.o
                0x08001022                _close
 .text._fstat   0x0800103a       0x20 ./Core/Src/syscalls.o
                0x0800103a                _fstat
 .text._isatty  0x0800105a       0x16 ./Core/Src/syscalls.o
                0x0800105a                _isatty
 .text._lseek   0x08001070       0x1a ./Core/Src/syscalls.o
                0x08001070                _lseek
 *fill*         0x0800108a        0x2 
 .text._sbrk    0x0800108c       0x6c ./Core/Src/sysmem.o
                0x0800108c                _sbrk
 .text.SystemInit
                0x080010f8       0x24 ./Core/Src/system_stm32l4xx.o
                0x080010f8                SystemInit
 .text.Reset_Handler
                0x0800111c       0x50 ./Core/Startup/startup_stm32l476rgtx.o
                0x0800111c                Reset_Handler
 .text.Default_Handler
                0x0800116c        0x2 ./Core/Startup/startup_stm32l476rgtx.o
                0x0800116c                RTC_Alarm_IRQHandler
                0x0800116c                EXTI2_IRQHandler
                0x0800116c                TIM8_TRG_COM_IRQHandler
                0x0800116c                TIM8_CC_IRQHandler
                0x0800116c                TIM1_CC_IRQHandler
                0x0800116c                TSC_IRQHandler
                0x0800116c                TAMP_STAMP_IRQHandler
                0x0800116c                EXTI3_IRQHandler
                0x0800116c                LPTIM2_IRQHandler
                0x0800116c                DFSDM1_FLT1_IRQHandler
                0x0800116c                I2C3_ER_IRQHandler
                0x0800116c                DFSDM1_FLT2_IRQHandler
                0x0800116c                EXTI0_IRQHandler
                0x0800116c                I2C2_EV_IRQHandler
                0x0800116c                CAN1_RX0_IRQHandler
                0x0800116c                FPU_IRQHandler
                0x0800116c                TIM1_UP_TIM16_IRQHandler
                0x0800116c                ADC1_2_IRQHandler
                0x0800116c                SPI1_IRQHandler
                0x0800116c                TIM6_DAC_IRQHandler
                0x0800116c                TIM8_UP_IRQHandler
                0x0800116c                DMA2_Channel2_IRQHandler
                0x0800116c                DMA1_Channel4_IRQHandler
                0x0800116c                SAI2_IRQHandler
                0x0800116c                DFSDM1_FLT3_IRQHandler
                0x0800116c                USART3_IRQHandler
                0x0800116c                DMA1_Channel7_IRQHandler
                0x0800116c                CAN1_RX1_IRQHandler
                0x0800116c                LCD_IRQHandler
                0x0800116c                UART5_IRQHandler
                0x0800116c                ADC3_IRQHandler
                0x0800116c                TIM4_IRQHandler
                0x0800116c                DMA2_Channel1_IRQHandler
                0x0800116c                QUADSPI_IRQHandler
                0x0800116c                DMA1_Channel6_IRQHandler
                0x0800116c                UART4_IRQHandler
                0x0800116c                DMA2_Channel4_IRQHandler
                0x0800116c                TIM3_IRQHandler
                0x0800116c                RCC_IRQHandler
                0x0800116c                DMA1_Channel1_IRQHandler
                0x0800116c                Default_Handler
                0x0800116c                DMA2_Channel7_IRQHandler
                0x0800116c                TIM7_IRQHandler
                0x0800116c                SDMMC1_IRQHandler
                0x0800116c                TIM5_IRQHandler
                0x0800116c                I2C3_EV_IRQHandler
                0x0800116c                RTC_WKUP_IRQHandler
                0x0800116c                PVD_PVM_IRQHandler
                0x0800116c                SPI2_IRQHandler
                0x0800116c                CAN1_TX_IRQHandler
                0x0800116c                DMA2_Channel5_IRQHandler
                0x0800116c                DMA1_Channel5_IRQHandler
                0x0800116c                EXTI4_IRQHandler
                0x0800116c                RNG_IRQHandler
                0x0800116c                TIM1_TRG_COM_TIM17_IRQHandler
                0x0800116c                DMA1_Channel3_IRQHandler
                0x0800116c                COMP_IRQHandler
                0x0800116c                WWDG_IRQHandler
                0x0800116c                LPUART1_IRQHandler
                0x0800116c                DMA2_Channel6_IRQHandler
                0x0800116c                TIM2_IRQHandler
                0x0800116c                EXTI1_IRQHandler
                0x0800116c                USART2_IRQHandler
                0x0800116c                DFSDM1_FLT0_IRQHandler
                0x0800116c                I2C2_ER_IRQHandler
                0x0800116c                DMA1_Channel2_IRQHandler
                0x0800116c                TIM8_BRK_IRQHandler
                0x0800116c                CAN1_SCE_IRQHandler
                0x0800116c                FLASH_IRQHandler
                0x0800116c                USART1_IRQHandler
                0x0800116c                OTG_FS_IRQHandler
                0x0800116c                SPI3_IRQHandler
                0x0800116c                FMC_IRQHandler
                0x0800116c                SWPMI1_IRQHandler
                0x0800116c                LPTIM1_IRQHandler
                0x0800116c                SAI1_IRQHandler
                0x0800116c                DMA2_Channel3_IRQHandler
                0x0800116c                TIM1_BRK_TIM15_IRQHandler
 .text.HAL_Init
                0x0800116e       0x30 ./Drivers/STM32L4xx_HAL_Driver/Src/stm32l4xx_hal.o
                0x0800116e                HAL_Init
 *fill*         0x0800119e        0x2 
 .text.HAL_InitTick
                0x080011a0       0x78 ./Drivers/STM32L4xx_HAL_Driver/Src/stm32l4xx_hal.o
                0x080011a0                HAL_InitTick
 .text.HAL_IncTick
                0x08001218       0x28 ./Drivers/STM32L4xx_HAL_Driver/Src/stm32l4xx_hal.o
                0x08001218                HAL_IncTick
 .text.HAL_GetTick
                0x08001240       0x18 ./Drivers/STM32L4xx_HAL_Driver/Src/stm32l4xx_hal.o
                0x08001240                HAL_GetTick
 .text.HAL_Delay
                0x08001258       0x48 ./Drivers/STM32L4xx_HAL_Driver/Src/stm32l4xx_hal.o
                0x08001258                HAL_Delay
 .text.__NVIC_SetPriorityGrouping
                0x080012a0       0x48 ./Drivers/STM32L4xx_HAL_Driver/Src/stm32l4xx_hal_cortex.o
 .text.__NVIC_GetPriorityGrouping
                0x080012e8       0x1c ./Drivers/STM32L4xx_HAL_Driver/Src/stm32l4xx_hal_cortex.o
 .text.__NVIC_EnableIRQ
                0x08001304       0x3c ./Drivers/STM32L4xx_HAL_Driver/Src/stm32l4xx_hal_cortex.o
 .text.__NVIC_SetPriority
                0x08001340       0x54 ./Drivers/STM32L4xx_HAL_Driver/Src/stm32l4xx_hal_cortex.o
 .text.NVIC_EncodePriority
                0x08001394       0x66 ./Drivers/STM32L4xx_HAL_Driver/Src/stm32l4xx_hal_cortex.o
 *fill*         0x080013fa        0x2 
 .text.SysTick_Config
                0x080013fc       0x44 ./Drivers/STM32L4xx_HAL_Driver/Src/stm32l4xx_hal_cortex.o
 .text.HAL_NVIC_SetPriorityGrouping
                0x08001440       0x16 ./Drivers/STM32L4xx_HAL_Driver/Src/stm32l4xx_hal_cortex.o
                0x08001440                HAL_NVIC_SetPriorityGrouping
 .text.HAL_NVIC_SetPriority
                0x08001456       0x38 ./Drivers/STM32L4xx_HAL_Driver/Src/stm32l4xx_hal_cortex.o
                0x08001456                HAL_NVIC_SetPriority
 .text.HAL_NVIC_EnableIRQ
                0x0800148e       0x1c ./Drivers/STM32L4xx_HAL_Driver/Src/stm32l4xx_hal_cortex.o
                0x0800148e                HAL_NVIC_EnableIRQ
 .text.HAL_SYSTICK_Config
                0x080014aa       0x18 ./Drivers/STM32L4xx_HAL_Driver/Src/stm32l4xx_hal_cortex.o
                0x080014aa                HAL_SYSTICK_Config
 .text.HAL_DMA_Abort_IT
                0x080014c2       0x82 ./Drivers/STM32L4xx_HAL_Driver/Src/stm32l4xx_hal_dma.o
                0x080014c2                HAL_DMA_Abort_IT
 .text.HAL_DMA_GetState
                0x08001544       0x1c ./Drivers/STM32L4xx_HAL_Driver/Src/stm32l4xx_hal_dma.o
                0x08001544                HAL_DMA_GetState
 .text.HAL_GPIO_Init
                0x08001560      0x354 ./Drivers/STM32L4xx_HAL_Driver/Src/stm32l4xx_hal_gpio.o
                0x08001560                HAL_GPIO_Init
 .text.HAL_GPIO_ReadPin
                0x080018b4       0x30 ./Drivers/STM32L4xx_HAL_Driver/Src/stm32l4xx_hal_gpio.o
                0x080018b4                HAL_GPIO_ReadPin
 .text.HAL_GPIO_WritePin
                0x080018e4       0x30 ./Drivers/STM32L4xx_HAL_Driver/Src/stm32l4xx_hal_gpio.o
                0x080018e4                HAL_GPIO_WritePin
 .text.HAL_GPIO_EXTI_IRQHandler
                0x08001914       0x30 ./Drivers/STM32L4xx_HAL_Driver/Src/stm32l4xx_hal_gpio.o
                0x08001914                HAL_GPIO_EXTI_IRQHandler
 .text.HAL_I2C_Init
                0x08001944      0x136 ./Drivers/STM32L4xx_HAL_Driver/Src/stm32l4xx_hal_i2c.o
                0x08001944                HAL_I2C_Init
 *fill*         0x08001a7a        0x2 
 .text.HAL_I2C_Mem_Write
                0x08001a7c      0x228 ./Drivers/STM32L4xx_HAL_Driver/Src/stm32l4xx_hal_i2c.o
                0x08001a7c                HAL_I2C_Mem_Write
 .text.HAL_I2C_EV_IRQHandler
                0x08001ca4       0x34 ./Drivers/STM32L4xx_HAL_Driver/Src/stm32l4xx_hal_i2c.o
                0x08001ca4                HAL_I2C_EV_IRQHandler
 .text.HAL_I2C_ER_IRQHandler
                0x08001cd8       0xb6 ./Drivers/STM32L4xx_HAL_Driver/Src/stm32l4xx_hal_i2c.o
                0x08001cd8                HAL_I2C_ER_IRQHandler
 .text.HAL_I2C_SlaveTxCpltCallback
                0x08001d8e       0x14 ./Drivers/STM32L4xx_HAL_Driver/Src/stm32l4xx_hal_i2c.o
                0x08001d8e                HAL_I2C_SlaveTxCpltCallback
 .text.HAL_I2C_SlaveRxCpltCallback
                0x08001da2       0x14 ./Drivers/STM32L4xx_HAL_Driver/Src/stm32l4xx_hal_i2c.o
                0x08001da2                HAL_I2C_SlaveRxCpltCallback
 .text.HAL_I2C_AddrCallback
                0x08001db6       0x1c ./Drivers/STM32L4xx_HAL_Driver/Src/stm32l4xx_hal_i2c.o
                0x08001db6                HAL_I2C_AddrCallback
 .text.HAL_I2C_ListenCpltCallback
                0x08001dd2       0x14 ./Drivers/STM32L4xx_HAL_Driver/Src/stm32l4xx_hal_i2c.o
                0x08001dd2                HAL_I2C_ListenCpltCallback
 .text.HAL_I2C_ErrorCallback
                0x08001de6       0x14 ./Drivers/STM32L4xx_HAL_Driver/Src/stm32l4xx_hal_i2c.o
                0x08001de6                HAL_I2C_ErrorCallback
 .text.HAL_I2C_AbortCpltCallback
                0x08001dfa       0x14 ./Drivers/STM32L4xx_HAL_Driver/Src/stm32l4xx_hal_i2c.o
                0x08001dfa                HAL_I2C_AbortCpltCallback
 .text.I2C_Slave_ISR_IT
                0x08001e0e      0x1f2 ./Drivers/STM32L4xx_HAL_Driver/Src/stm32l4xx_hal_i2c.o
 .text.I2C_RequestMemoryWrite
                0x08002000       0xa8 ./Drivers/STM32L4xx_HAL_Driver/Src/stm32l4xx_hal_i2c.o
 .text.I2C_ITAddrCplt
                0x080020a8      0x108 ./Drivers/STM32L4xx_HAL_Driver/Src/stm32l4xx_hal_i2c.o
 .text.I2C_ITSlaveSeqCplt
                0x080021b0       0xb8 ./Drivers/STM32L4xx_HAL_Driver/Src/stm32l4xx_hal_i2c.o
 .text.I2C_ITSlaveCplt
                0x08002268      0x2c8 ./Drivers/STM32L4xx_HAL_Driver/Src/stm32l4xx_hal_i2c.o
 .text.I2C_ITListenCplt
                0x08002530       0xa8 ./Drivers/STM32L4xx_HAL_Driver/Src/stm32l4xx_hal_i2c.o
 .text.I2C_ITError
                0x080025d8      0x1e0 ./Drivers/STM32L4xx_HAL_Driver/Src/stm32l4xx_hal_i2c.o
 .text.I2C_TreatErrorCallback
                0x080027b8       0x4e ./Drivers/STM32L4xx_HAL_Driver/Src/stm32l4xx_hal_i2c.o
 .text.I2C_Flush_TXDR
                0x08002806       0x48 ./Drivers/STM32L4xx_HAL_Driver/Src/stm32l4xx_hal_i2c.o
 .text.I2C_DMAAbort
                0x0800284e       0x3c ./Drivers/STM32L4xx_HAL_Driver/Src/stm32l4xx_hal_i2c.o
 .text.I2C_WaitOnFlagUntilTimeout
                0x0800288a       0xb2 ./Drivers/STM32L4xx_HAL_Driver/Src/stm32l4xx_hal_i2c.o
 .text.I2C_WaitOnTXISFlagUntilTimeout
                0x0800293c       0x8e ./Drivers/STM32L4xx_HAL_Driver/Src/stm32l4xx_hal_i2c.o
 .text.I2C_WaitOnSTOPFlagUntilTimeout
                0x080029ca       0x86 ./Drivers/STM32L4xx_HAL_Driver/Src/stm32l4xx_hal_i2c.o
 .text.I2C_IsErrorOccurred
                0x08002a50      0x1c0 ./Drivers/STM32L4xx_HAL_Driver/Src/stm32l4xx_hal_i2c.o
 .text.I2C_TransferConfig
                0x08002c10       0x64 ./Drivers/STM32L4xx_HAL_Driver/Src/stm32l4xx_hal_i2c.o
 .text.I2C_Disable_IRQ
                0x08002c74       0xbc ./Drivers/STM32L4xx_HAL_Driver/Src/stm32l4xx_hal_i2c.o
 .text.HAL_I2CEx_ConfigAnalogFilter
                0x08002d30       0x96 ./Drivers/STM32L4xx_HAL_Driver/Src/stm32l4xx_hal_i2c_ex.o
                0x08002d30                HAL_I2CEx_ConfigAnalogFilter
 .text.HAL_I2CEx_ConfigDigitalFilter
                0x08002dc6       0x98 ./Drivers/STM32L4xx_HAL_Driver/Src/stm32l4xx_hal_i2c_ex.o
                0x08002dc6                HAL_I2CEx_ConfigDigitalFilter
 *fill*         0x08002e5e        0x2 
 .text.HAL_PWREx_GetVoltageRange
                0x08002e60       0x1c ./Drivers/STM32L4xx_HAL_Driver/Src/stm32l4xx_hal_pwr_ex.o
                0x08002e60                HAL_PWREx_GetVoltageRange
 .text.HAL_PWREx_ControlVoltageScaling
                0x08002e7c       0xac ./Drivers/STM32L4xx_HAL_Driver/Src/stm32l4xx_hal_pwr_ex.o
                0x08002e7c                HAL_PWREx_ControlVoltageScaling
 .text.HAL_RCC_OscConfig
                0x08002f28      0x7b8 ./Drivers/STM32L4xx_HAL_Driver/Src/stm32l4xx_hal_rcc.o
                0x08002f28                HAL_RCC_OscConfig
 .text.HAL_RCC_ClockConfig
                0x080036e0      0x200 ./Drivers/STM32L4xx_HAL_Driver/Src/stm32l4xx_hal_rcc.o
                0x080036e0                HAL_RCC_ClockConfig
 .text.HAL_RCC_GetSysClockFreq
                0x080038e0      0x118 ./Drivers/STM32L4xx_HAL_Driver/Src/stm32l4xx_hal_rcc.o
                0x080038e0                HAL_RCC_GetSysClockFreq
 .text.HAL_RCC_GetHCLKFreq
                0x080039f8       0x18 ./Drivers/STM32L4xx_HAL_Driver/Src/stm32l4xx_hal_rcc.o
                0x080039f8                HAL_RCC_GetHCLKFreq
 .text.HAL_RCC_GetPCLK1Freq
                0x08003a10       0x2c ./Drivers/STM32L4xx_HAL_Driver/Src/stm32l4xx_hal_rcc.o
                0x08003a10                HAL_RCC_GetPCLK1Freq
 .text.HAL_RCC_GetPCLK2Freq
                0x08003a3c       0x2c ./Drivers/STM32L4xx_HAL_Driver/Src/stm32l4xx_hal_rcc.o
                0x08003a3c                HAL_RCC_GetPCLK2Freq
 .text.RCC_SetFlashLatencyFromMSIRange
                0x08003a68       0xc0 ./Drivers/STM32L4xx_HAL_Driver/Src/stm32l4xx_hal_rcc.o
 .text.HAL_RCCEx_PeriphCLKConfig
                0x08003b28      0x5d4 ./Drivers/STM32L4xx_HAL_Driver/Src/stm32l4xx_hal_rcc_ex.o
                0x08003b28                HAL_RCCEx_PeriphCLKConfig
 .text.RCCEx_PLLSAI1_Config
                0x080040fc      0x1e8 ./Drivers/STM32L4xx_HAL_Driver/Src/stm32l4xx_hal_rcc_ex.o
 .text.RCCEx_PLLSAI2_Config
                0x080042e4      0x1bc ./Drivers/STM32L4xx_HAL_Driver/Src/stm32l4xx_hal_rcc_ex.o
 .text.HAL_UART_Init
                0x080044a0       0x9c ./Drivers/STM32L4xx_HAL_Driver/Src/stm32l4xx_hal_uart.o
                0x080044a0                HAL_UART_Init
 .text.HAL_UART_Transmit
                0x0800453c      0x112 ./Drivers/STM32L4xx_HAL_Driver/Src/stm32l4xx_hal_uart.o
                0x0800453c                HAL_UART_Transmit
 *fill*         0x0800464e        0x2 
 .text.UART_SetConfig
                0x08004650      0x570 ./Drivers/STM32L4xx_HAL_Driver/Src/stm32l4xx_hal_uart.o
                0x08004650                UART_SetConfig
 .text.UART_AdvFeatureConfig
                0x08004bc0      0x144 ./Drivers/STM32L4xx_HAL_Driver/Src/stm32l4xx_hal_uart.o
                0x08004bc0                UART_AdvFeatureConfig
 .text.UART_CheckIdleState
                0x08004d04      0x150 ./Drivers/STM32L4xx_HAL_Driver/Src/stm32l4xx_hal_uart.o
                0x08004d04                UART_CheckIdleState
 .text.UART_WaitOnFlagUntilTimeout
                0x08004e54       0xda ./Drivers/STM32L4xx_HAL_Driver/Src/stm32l4xx_hal_uart.o
                0x08004e54                UART_WaitOnFlagUntilTimeout
 .text.UART_EndRxTransfer
                0x08004f2e       0xc8 ./Drivers/STM32L4xx_HAL_Driver/Src/stm32l4xx_hal_uart.o
 .text.ssd1306_Reset
                0x08004ff6        0xe ./External/ssd1306/ssd1306.o
                0x08004ff6                ssd1306_Reset
 .text.ssd1306_WriteCommand
                0x08005004       0x30 ./External/ssd1306/ssd1306.o
                0x08005004                ssd1306_WriteCommand
 .text.ssd1306_WriteData
                0x08005034       0x34 ./External/ssd1306/ssd1306.o
                0x08005034                ssd1306_WriteData
 .text.ssd1306_Init
                0x08005068       0xd4 ./External/ssd1306/ssd1306.o
                0x08005068                ssd1306_Init
 .text.ssd1306_Fill
                0x0800513c       0x30 ./External/ssd1306/ssd1306.o
                0x0800513c                ssd1306_Fill
 .text.ssd1306_UpdateScreen
                0x0800516c       0x50 ./External/ssd1306/ssd1306.o
                0x0800516c                ssd1306_UpdateScreen
 .text.ssd1306_DrawPixel
                0x080051bc       0xa8 ./External/ssd1306/ssd1306.o
                0x080051bc                ssd1306_DrawPixel
 .text.ssd1306_WriteChar
                0x08005264      0x120 ./External/ssd1306/ssd1306.o
                0x08005264                ssd1306_WriteChar
 .text.ssd1306_WriteString
                0x08005384       0x4c ./External/ssd1306/ssd1306.o
                0x08005384                ssd1306_WriteString
 .text.ssd1306_SetCursor
                0x080053d0       0x30 ./External/ssd1306/ssd1306.o
                0x080053d0                ssd1306_SetCursor
 .text.ssd1306_SetContrast
                0x08005400       0x26 ./External/ssd1306/ssd1306.o
                0x08005400                ssd1306_SetContrast
 *fill*         0x08005426        0x2 
 .text.ssd1306_SetDisplayOn
                0x08005428       0x3c ./External/ssd1306/ssd1306.o
                0x08005428                ssd1306_SetDisplayOn
 .text.std      0x08005464       0x6c C:/ST/STM32CubeIDE_1.13.1/STM32CubeIDE/plugins/com.st.stm32cube.ide.mcu.externaltools.gnu-tools-for-stm32.12.3.rel1.win32_1.0.200.202406191623/tools/bin/../lib/gcc/arm-none-eabi/12.3.1/../../../../arm-none-eabi/lib/thumb/v7e-m+fp/hard\libc_nano.a(libc_a-findfp.o)
 .text.stdio_exit_handler
                0x080054d0       0x18 C:/ST/STM32CubeIDE_1.13.1/STM32CubeIDE/plugins/com.st.stm32cube.ide.mcu.externaltools.gnu-tools-for-stm32.12.3.rel1.win32_1.0.200.202406191623/tools/bin/../lib/gcc/arm-none-eabi/12.3.1/../../../../arm-none-eabi/lib/thumb/v7e-m+fp/hard\libc_nano.a(libc_a-findfp.o)
 .text.cleanup_stdio
                0x080054e8       0x40 C:/ST/STM32CubeIDE_1.13.1/STM32CubeIDE/plugins/com.st.stm32cube.ide.mcu.externaltools.gnu-tools-for-stm32.12.3.rel1.win32_1.0.200.202406191623/tools/bin/../lib/gcc/arm-none-eabi/12.3.1/../../../../arm-none-eabi/lib/thumb/v7e-m+fp/hard\libc_nano.a(libc_a-findfp.o)
 .text.global_stdio_init.part.0
                0x08005528       0x3c C:/ST/STM32CubeIDE_1.13.1/STM32CubeIDE/plugins/com.st.stm32cube.ide.mcu.externaltools.gnu-tools-for-stm32.12.3.rel1.win32_1.0.200.202406191623/tools/bin/../lib/gcc/arm-none-eabi/12.3.1/../../../../arm-none-eabi/lib/thumb/v7e-m+fp/hard\libc_nano.a(libc_a-findfp.o)
 .text.__sfp_lock_acquire
                0x08005564        0xc C:/ST/STM32CubeIDE_1.13.1/STM32CubeIDE/plugins/com.st.stm32cube.ide.mcu.externaltools.gnu-tools-for-stm32.12.3.rel1.win32_1.0.200.202406191623/tools/bin/../lib/gcc/arm-none-eabi/12.3.1/../../../../arm-none-eabi/lib/thumb/v7e-m+fp/hard\libc_nano.a(libc_a-findfp.o)
                0x08005564                __sfp_lock_acquire
 .text.__sfp_lock_release
                0x08005570        0xc C:/ST/STM32CubeIDE_1.13.1/STM32CubeIDE/plugins/com.st.stm32cube.ide.mcu.externaltools.gnu-tools-for-stm32.12.3.rel1.win32_1.0.200.202406191623/tools/bin/../lib/gcc/arm-none-eabi/12.3.1/../../../../arm-none-eabi/lib/thumb/v7e-m+fp/hard\libc_nano.a(libc_a-findfp.o)
                0x08005570                __sfp_lock_release
 .text.__sinit  0x0800557c       0x30 C:/ST/STM32CubeIDE_1.13.1/STM32CubeIDE/plugins/com.st.stm32cube.ide.mcu.externaltools.gnu-tools-for-stm32.12.3.rel1.win32_1.0.200.202406191623/tools/bin/../lib/gcc/arm-none-eabi/12.3.1/../../../../arm-none-eabi/lib/thumb/v7e-m+fp/hard\libc_nano.a(libc_a-findfp.o)
                0x0800557c                __sinit
 .text._fwalk_sglue
                0x080055ac       0x3c C:/ST/STM32CubeIDE_1.13.1/STM32CubeIDE/plugins/com.st.stm32cube.ide.mcu.externaltools.gnu-tools-for-stm32.12.3.rel1.win32_1.0.200.202406191623/tools/bin/../lib/gcc/arm-none-eabi/12.3.1/../../../../arm-none-eabi/lib/thumb/v7e-m+fp/hard\libc_nano.a(libc_a-fwalk.o)
                0x080055ac                _fwalk_sglue
 .text._puts_r  0x080055e8       0xaa C:/ST/STM32CubeIDE_1.13.1/STM32CubeIDE/plugins/com.st.stm32cube.ide.mcu.externaltools.gnu-tools-for-stm32.12.3.rel1.win32_1.0.200.202406191623/tools/bin/../lib/gcc/arm-none-eabi/12.3.1/../../../../arm-none-eabi/lib/thumb/v7e-m+fp/hard\libc_nano.a(libc_a-puts.o)
                0x080055e8                _puts_r
 *fill*         0x08005692        0x2 
 .text.puts     0x08005694       0x10 C:/ST/STM32CubeIDE_1.13.1/STM32CubeIDE/plugins/com.st.stm32cube.ide.mcu.externaltools.gnu-tools-for-stm32.12.3.rel1.win32_1.0.200.202406191623/tools/bin/../lib/gcc/arm-none-eabi/12.3.1/../../../../arm-none-eabi/lib/thumb/v7e-m+fp/hard\libc_nano.a(libc_a-puts.o)
                0x08005694                puts
 .text.__sread  0x080056a4       0x22 C:/ST/STM32CubeIDE_1.13.1/STM32CubeIDE/plugins/com.st.stm32cube.ide.mcu.externaltools.gnu-tools-for-stm32.12.3.rel1.win32_1.0.200.202406191623/tools/bin/../lib/gcc/arm-none-eabi/12.3.1/../../../../arm-none-eabi/lib/thumb/v7e-m+fp/hard\libc_nano.a(libc_a-stdio.o)
                0x080056a4                __sread
 .text.__swrite
                0x080056c6       0x38 C:/ST/STM32CubeIDE_1.13.1/STM32CubeIDE/plugins/com.st.stm32cube.ide.mcu.externaltools.gnu-tools-for-stm32.12.3.rel1.win32_1.0.200.202406191623/tools/bin/../lib/gcc/arm-none-eabi/12.3.1/../../../../arm-none-eabi/lib/thumb/v7e-m+fp/hard\libc_nano.a(libc_a-stdio.o)
                0x080056c6                __swrite
 .text.__sseek  0x080056fe       0x24 C:/ST/STM32CubeIDE_1.13.1/STM32CubeIDE/plugins/com.st.stm32cube.ide.mcu.externaltools.gnu-tools-for-stm32.12.3.rel1.win32_1.0.200.202406191623/tools/bin/../lib/gcc/arm-none-eabi/12.3.1/../../../../arm-none-eabi/lib/thumb/v7e-m+fp/hard\libc_nano.a(libc_a-stdio.o)
                0x080056fe                __sseek
 .text.__sclose
                0x08005722        0x8 C:/ST/STM32CubeIDE_1.13.1/STM32CubeIDE/plugins/com.st.stm32cube.ide.mcu.externaltools.gnu-tools-for-stm32.12.3.rel1.win32_1.0.200.202406191623/tools/bin/../lib/gcc/arm-none-eabi/12.3.1/../../../../arm-none-eabi/lib/thumb/v7e-m+fp/hard\libc_nano.a(libc_a-stdio.o)
                0x08005722                __sclose
 .text.__swbuf_r
                0x0800572a       0x7c C:/ST/STM32CubeIDE_1.13.1/STM32CubeIDE/plugins/com.st.stm32cube.ide.mcu.externaltools.gnu-tools-for-stm32.12.3.rel1.win32_1.0.200.202406191623/tools/bin/../lib/gcc/arm-none-eabi/12.3.1/../../../../arm-none-eabi/lib/thumb/v7e-m+fp/hard\libc_nano.a(libc_a-wbuf.o)
                0x0800572a                __swbuf_r
 *fill*         0x080057a6        0x2 
 .text.__swsetup_r
                0x080057a8       0xac C:/ST/STM32CubeIDE_1.13.1/STM32CubeIDE/plugins/com.st.stm32cube.ide.mcu.externaltools.gnu-tools-for-stm32.12.3.rel1.win32_1.0.200.202406191623/tools/bin/../lib/gcc/arm-none-eabi/12.3.1/../../../../arm-none-eabi/lib/thumb/v7e-m+fp/hard\libc_nano.a(libc_a-wsetup.o)
                0x080057a8                __swsetup_r
 .text.memset   0x08005854       0x10 C:/ST/STM32CubeIDE_1.13.1/STM32CubeIDE/plugins/com.st.stm32cube.ide.mcu.externaltools.gnu-tools-for-stm32.12.3.rel1.win32_1.0.200.202406191623/tools/bin/../lib/gcc/arm-none-eabi/12.3.1/../../../../arm-none-eabi/lib/thumb/v7e-m+fp/hard\libc_nano.a(libc_a-memset.o)
                0x08005854                memset
 .text._close_r
                0x08005864       0x20 C:/ST/STM32CubeIDE_1.13.1/STM32CubeIDE/plugins/com.st.stm32cube.ide.mcu.externaltools.gnu-tools-for-stm32.12.3.rel1.win32_1.0.200.202406191623/tools/bin/../lib/gcc/arm-none-eabi/12.3.1/../../../../arm-none-eabi/lib/thumb/v7e-m+fp/hard\libc_nano.a(libc_a-closer.o)
                0x08005864                _close_r
 .text._lseek_r
                0x08005884       0x24 C:/ST/STM32CubeIDE_1.13.1/STM32CubeIDE/plugins/com.st.stm32cube.ide.mcu.externaltools.gnu-tools-for-stm32.12.3.rel1.win32_1.0.200.202406191623/tools/bin/../lib/gcc/arm-none-eabi/12.3.1/../../../../arm-none-eabi/lib/thumb/v7e-m+fp/hard\libc_nano.a(libc_a-lseekr.o)
                0x08005884                _lseek_r
 .text._read_r  0x080058a8       0x24 C:/ST/STM32CubeIDE_1.13.1/STM32CubeIDE/plugins/com.st.stm32cube.ide.mcu.externaltools.gnu-tools-for-stm32.12.3.rel1.win32_1.0.200.202406191623/tools/bin/../lib/gcc/arm-none-eabi/12.3.1/../../../../arm-none-eabi/lib/thumb/v7e-m+fp/hard\libc_nano.a(libc_a-readr.o)
                0x080058a8                _read_r
 .text._write_r
                0x080058cc       0x24 C:/ST/STM32CubeIDE_1.13.1/STM32CubeIDE/plugins/com.st.stm32cube.ide.mcu.externaltools.gnu-tools-for-stm32.12.3.rel1.win32_1.0.200.202406191623/tools/bin/../lib/gcc/arm-none-eabi/12.3.1/../../../../arm-none-eabi/lib/thumb/v7e-m+fp/hard\libc_nano.a(libc_a-writer.o)
                0x080058cc                _write_r
 .text.__errno  0x080058f0        0xc C:/ST/STM32CubeIDE_1.13.1/STM32CubeIDE/plugins/com.st.stm32cube.ide.mcu.externaltools.gnu-tools-for-stm32.12.3.rel1.win32_1.0.200.202406191623/tools/bin/../lib/gcc/arm-none-eabi/12.3.1/../../../../arm-none-eabi/lib/thumb/v7e-m+fp/hard\libc_nano.a(libc_a-errno.o)
                0x080058f0                __errno
 .text.__libc_init_array
                0x080058fc       0x48 C:/ST/STM32CubeIDE_1.13.1/STM32CubeIDE/plugins/com.st.stm32cube.ide.mcu.externaltools.gnu-tools-for-stm32.12.3.rel1.win32_1.0.200.202406191623/tools/bin/../lib/gcc/arm-none-eabi/12.3.1/../../../../arm-none-eabi/lib/thumb/v7e-m+fp/hard\libc_nano.a(libc_a-init.o)
                0x080058fc                __libc_init_array
 .text.__retarget_lock_init_recursive
                0x08005944        0x2 C:/ST/STM32CubeIDE_1.13.1/STM32CubeIDE/plugins/com.st.stm32cube.ide.mcu.externaltools.gnu-tools-for-stm32.12.3.rel1.win32_1.0.200.202406191623/tools/bin/../lib/gcc/arm-none-eabi/12.3.1/../../../../arm-none-eabi/lib/thumb/v7e-m+fp/hard\libc_nano.a(libc_a-lock.o)
                0x08005944                __retarget_lock_init_recursive
 .text.__retarget_lock_acquire_recursive
                0x08005946        0x2 C:/ST/STM32CubeIDE_1.13.1/STM32CubeIDE/plugins/com.st.stm32cube.ide.mcu.externaltools.gnu-tools-for-stm32.12.3.rel1.win32_1.0.200.202406191623/tools/bin/../lib/gcc/arm-none-eabi/12.3.1/../../../../arm-none-eabi/lib/thumb/v7e-m+fp/hard\libc_nano.a(libc_a-lock.o)
                0x08005946                __retarget_lock_acquire_recursive
 .text.__retarget_lock_release_recursive
                0x08005948        0x2 C:/ST/STM32CubeIDE_1.13.1/STM32CubeIDE/plugins/com.st.stm32cube.ide.mcu.externaltools.gnu-tools-for-stm32.12.3.rel1.win32_1.0.200.202406191623/tools/bin/../lib/gcc/arm-none-eabi/12.3.1/../../../../arm-none-eabi/lib/thumb/v7e-m+fp/hard\libc_nano.a(libc_a-lock.o)
                0x08005948                __retarget_lock_release_recursive
 *fill*         0x0800594a        0x2 
 .text._free_r  0x0800594c       0x94 C:/ST/STM32CubeIDE_1.13.1/STM32CubeIDE/plugins/com.st.stm32cube.ide.mcu.externaltools.gnu-tools-for-stm32.12.3.rel1.win32_1.0.200.202406191623/tools/bin/../lib/gcc/arm-none-eabi/12.3.1/../../../../arm-none-eabi/lib/thumb/v7e-m+fp/hard\libc_nano.a(libc_a-freer.o)
                0x0800594c                _free_r
 .text.sbrk_aligned
                0x080059e0       0x44 C:/ST/STM32CubeIDE_1.13.1/STM32CubeIDE/plugins/com.st.stm32cube.ide.mcu.externaltools.gnu-tools-for-stm32.12.3.rel1.win32_1.0.200.202406191623/tools/bin/../lib/gcc/arm-none-eabi/12.3.1/../../../../arm-none-eabi/lib/thumb/v7e-m+fp/hard\libc_nano.a(libc_a-mallocr.o)
 .text._malloc_r
                0x08005a24      0x100 C:/ST/STM32CubeIDE_1.13.1/STM32CubeIDE/plugins/com.st.stm32cube.ide.mcu.externaltools.gnu-tools-for-stm32.12.3.rel1.win32_1.0.200.202406191623/tools/bin/../lib/gcc/arm-none-eabi/12.3.1/../../../../arm-none-eabi/lib/thumb/v7e-m+fp/hard\libc_nano.a(libc_a-mallocr.o)
                0x08005a24                _malloc_r
 .text.__malloc_lock
                0x08005b24        0xc C:/ST/STM32CubeIDE_1.13.1/STM32CubeIDE/plugins/com.st.stm32cube.ide.mcu.externaltools.gnu-tools-for-stm32.12.3.rel1.win32_1.0.200.202406191623/tools/bin/../lib/gcc/arm-none-eabi/12.3.1/../../../../arm-none-eabi/lib/thumb/v7e-m+fp/hard\libc_nano.a(libc_a-mlock.o)
                0x08005b24                __malloc_lock
 .text.__malloc_unlock
                0x08005b30        0xc C:/ST/STM32CubeIDE_1.13.1/STM32CubeIDE/plugins/com.st.stm32cube.ide.mcu.externaltools.gnu-tools-for-stm32.12.3.rel1.win32_1.0.200.202406191623/tools/bin/../lib/gcc/arm-none-eabi/12.3.1/../../../../arm-none-eabi/lib/thumb/v7e-m+fp/hard\libc_nano.a(libc_a-mlock.o)
                0x08005b30                __malloc_unlock
 .text.__sflush_r
                0x08005b3c      0x108 C:/ST/STM32CubeIDE_1.13.1/STM32CubeIDE/plugins/com.st.stm32cube.ide.mcu.externaltools.gnu-tools-for-stm32.12.3.rel1.win32_1.0.200.202406191623/tools/bin/../lib/gcc/arm-none-eabi/12.3.1/../../../../arm-none-eabi/lib/thumb/v7e-m+fp/hard\libc_nano.a(libc_a-fflush.o)
                0x08005b3c                __sflush_r
 .text._fflush_r
                0x08005c44       0x50 C:/ST/STM32CubeIDE_1.13.1/STM32CubeIDE/plugins/com.st.stm32cube.ide.mcu.externaltools.gnu-tools-for-stm32.12.3.rel1.win32_1.0.200.202406191623/tools/bin/../lib/gcc/arm-none-eabi/12.3.1/../../../../arm-none-eabi/lib/thumb/v7e-m+fp/hard\libc_nano.a(libc_a-fflush.o)
                0x08005c44                _fflush_r
 .text.__swhatbuf_r
                0x08005c94       0x4c C:/ST/STM32CubeIDE_1.13.1/STM32CubeIDE/plugins/com.st.stm32cube.ide.mcu.externaltools.gnu-tools-for-stm32.12.3.rel1.win32_1.0.200.202406191623/tools/bin/../lib/gcc/arm-none-eabi/12.3.1/../../../../arm-none-eabi/lib/thumb/v7e-m+fp/hard\libc_nano.a(libc_a-makebuf.o)
                0x08005c94                __swhatbuf_r
 .text.__smakebuf_r
                0x08005ce0       0x78 C:/ST/STM32CubeIDE_1.13.1/STM32CubeIDE/plugins/com.st.stm32cube.ide.mcu.externaltools.gnu-tools-for-stm32.12.3.rel1.win32_1.0.200.202406191623/tools/bin/../lib/gcc/arm-none-eabi/12.3.1/../../../../arm-none-eabi/lib/thumb/v7e-m+fp/hard\libc_nano.a(libc_a-makebuf.o)
                0x08005ce0                __smakebuf_r
 .text._fstat_r
                0x08005d58       0x24 C:/ST/STM32CubeIDE_1.13.1/STM32CubeIDE/plugins/com.st.stm32cube.ide.mcu.externaltools.gnu-tools-for-stm32.12.3.rel1.win32_1.0.200.202406191623/tools/bin/../lib/gcc/arm-none-eabi/12.3.1/../../../../arm-none-eabi/lib/thumb/v7e-m+fp/hard\libc_nano.a(libc_a-fstatr.o)
                0x08005d58                _fstat_r
 .text._isatty_r
                0x08005d7c       0x20 C:/ST/STM32CubeIDE_1.13.1/STM32CubeIDE/plugins/com.st.stm32cube.ide.mcu.externaltools.gnu-tools-for-stm32.12.3.rel1.win32_1.0.200.202406191623/tools/bin/../lib/gcc/arm-none-eabi/12.3.1/../../../../arm-none-eabi/lib/thumb/v7e-m+fp/hard\libc_nano.a(libc_a-isattyr.o)
                0x08005d7c                _isatty_r
 .text._sbrk_r  0x08005d9c       0x20 C:/ST/STM32CubeIDE_1.13.1/STM32CubeIDE/plugins/com.st.stm32cube.ide.mcu.externaltools.gnu-tools-for-stm32.12.3.rel1.win32_1.0.200.202406191623/tools/bin/../lib/gcc/arm-none-eabi/12.3.1/../../../../arm-none-eabi/lib/thumb/v7e-m+fp/hard\libc_nano.a(libc_a-sbrkr.o)
                0x08005d9c                _sbrk_r
 *(.glue_7)
 .glue_7        0x08005dbc        0x0 linker stubs
 *(.glue_7t)
 .glue_7t       0x08005dbc        0x0 linker stubs
 *(.eh_frame)
 .eh_frame      0x08005dbc        0x0 C:/ST/STM32CubeIDE_1.13.1/STM32CubeIDE/plugins/com.st.stm32cube.ide.mcu.externaltools.gnu-tools-for-stm32.12.3.rel1.win32_1.0.200.202406191623/tools/bin/../lib/gcc/arm-none-eabi/12.3.1/thumb/v7e-m+fp/hard/crtbegin.o
 *(.init)
 .init          0x08005dbc        0x4 C:/ST/STM32CubeIDE_1.13.1/STM32CubeIDE/plugins/com.st.stm32cube.ide.mcu.externaltools.gnu-tools-for-stm32.12.3.rel1.win32_1.0.200.202406191623/tools/bin/../lib/gcc/arm-none-eabi/12.3.1/thumb/v7e-m+fp/hard/crti.o
                0x08005dbc                _init
 .init          0x08005dc0        0x8 C:/ST/STM32CubeIDE_1.13.1/STM32CubeIDE/plugins/com.st.stm32cube.ide.mcu.externaltools.gnu-tools-for-stm32.12.3.rel1.win32_1.0.200.202406191623/tools/bin/../lib/gcc/arm-none-eabi/12.3.1/thumb/v7e-m+fp/hard/crtn.o
 *(.fini)
 .fini          0x08005dc8        0x4 C:/ST/STM32CubeIDE_1.13.1/STM32CubeIDE/plugins/com.st.stm32cube.ide.mcu.externaltools.gnu-tools-for-stm32.12.3.rel1.win32_1.0.200.202406191623/tools/bin/../lib/gcc/arm-none-eabi/12.3.1/thumb/v7e-m+fp/hard/crti.o
                0x08005dc8                _fini
 .fini          0x08005dcc        0x8 C:/ST/STM32CubeIDE_1.13.1/STM32CubeIDE/plugins/com.st.stm32cube.ide.mcu.externaltools.gnu-tools-for-stm32.12.3.rel1.win32_1.0.200.202406191623/tools/bin/../lib/gcc/arm-none-eabi/12.3.1/thumb/v7e-m+fp/hard/crtn.o
                0x08005dd4                        . = ALIGN (0x4)
                0x08005dd4                        _etext = .

.vfp11_veneer   0x08005dd4        0x0
 .vfp11_veneer  0x08005dd4        0x0 linker stubs

.v4_bx          0x08005dd4        0x0
 .v4_bx         0x08005dd4        0x0 linker stubs

.iplt           0x08005dd4        0x0
 .iplt          0x08005dd4        0x0 C:/ST/STM32CubeIDE_1.13.1/STM32CubeIDE/plugins/com.st.stm32cube.ide.mcu.externaltools.gnu-tools-for-stm32.12.3.rel1.win32_1.0.200.202406191623/tools/bin/../lib/gcc/arm-none-eabi/12.3.1/thumb/v7e-m+fp/hard/crtbegin.o

.rodata         0x08005dd4      0x6f8
                0x08005dd4                        . = ALIGN (0x4)
 *(.rodata)
 .rodata        0x08005dd4       0xb1 ./Core/Src/main.o
 *(.rodata*)
 *fill*         0x08005e85        0x3 
 .rodata.AHBPrescTable
                0x08005e88       0x10 ./Core/Src/system_stm32l4xx.o
                0x08005e88                AHBPrescTable
 .rodata.APBPrescTable
                0x08005e98        0x8 ./Core/Src/system_stm32l4xx.o
                0x08005e98                APBPrescTable
 .rodata.MSIRangeTable
                0x08005ea0       0x30 ./Core/Src/system_stm32l4xx.o
                0x08005ea0                MSIRangeTable
 .rodata.Font6x8
                0x08005ed0      0x5f0 ./External/ssd1306/ssd1306_fonts.o
 .rodata.Font_6x8
                0x080064c0        0xc ./External/ssd1306/ssd1306_fonts.o
                0x080064c0                Font_6x8
                0x080064cc                        . = ALIGN (0x4)

.ARM.extab      0x080064cc        0x0
                0x080064cc                        . = ALIGN (0x4)
 *(.ARM.extab* .gnu.linkonce.armextab.*)
                0x080064cc                        . = ALIGN (0x4)

.ARM            0x080064cc        0x8
                0x080064cc                        . = ALIGN (0x4)
                0x080064cc                        __exidx_start = .
 *(.ARM.exidx*)
 .ARM.exidx     0x080064cc        0x8 C:/ST/STM32CubeIDE_1.13.1/STM32CubeIDE/plugins/com.st.stm32cube.ide.mcu.externaltools.gnu-tools-for-stm32.12.3.rel1.win32_1.0.200.202406191623/tools/bin/../lib/gcc/arm-none-eabi/12.3.1/thumb/v7e-m+fp/hard\libgcc.a(_udivmoddi4.o)
                0x080064d4                        __exidx_end = .
                0x080064d4                        . = ALIGN (0x4)

.preinit_array  0x080064d4        0x0
                0x080064d4                        . = ALIGN (0x4)
                0x080064d4                        PROVIDE (__preinit_array_start = .)
 *(.preinit_array*)
                0x080064d4                        PROVIDE (__preinit_array_end = .)
                0x080064d4                        . = ALIGN (0x4)

.init_array     0x080064d4        0x4
                0x080064d4                        . = ALIGN (0x4)
                0x080064d4                        PROVIDE (__init_array_start = .)
 *(SORT_BY_NAME(.init_array.*))
 *(.init_array*)
 .init_array    0x080064d4        0x4 C:/ST/STM32CubeIDE_1.13.1/STM32CubeIDE/plugins/com.st.stm32cube.ide.mcu.externaltools.gnu-tools-for-stm32.12.3.rel1.win32_1.0.200.202406191623/tools/bin/../lib/gcc/arm-none-eabi/12.3.1/thumb/v7e-m+fp/hard/crtbegin.o
                0x080064d8                        PROVIDE (__init_array_end = .)
                0x080064d8                        . = ALIGN (0x4)

.fini_array     0x080064d8        0x4
                0x080064d8                        . = ALIGN (0x4)
                [!provide]                        PROVIDE (__fini_array_start = .)
 *(SORT_BY_NAME(.fini_array.*))
 *(.fini_array*)
 .fini_array    0x080064d8        0x4 C:/ST/STM32CubeIDE_1.13.1/STM32CubeIDE/plugins/com.st.stm32cube.ide.mcu.externaltools.gnu-tools-for-stm32.12.3.rel1.win32_1.0.200.202406191623/tools/bin/../lib/gcc/arm-none-eabi/12.3.1/thumb/v7e-m+fp/hard/crtbegin.o
                [!provide]                        PROVIDE (__fini_array_end = .)
                0x080064dc                        . = ALIGN (0x4)
                0x080064dc                        _sidata = LOADADDR (.data)

.rel.dyn        0x080064dc        0x0
 .rel.iplt      0x080064dc        0x0 C:/ST/STM32CubeIDE_1.13.1/STM32CubeIDE/plugins/com.st.stm32cube.ide.mcu.externaltools.gnu-tools-for-stm32.12.3.rel1.win32_1.0.200.202406191623/tools/bin/../lib/gcc/arm-none-eabi/12.3.1/thumb/v7e-m+fp/hard/crtbegin.o

.data           0x20000000       0x7c load address 0x080064dc
                0x20000000                        . = ALIGN (0x4)
                0x20000000                        _sdata = .
 *(.data)
 *(.data*)
 .data.keypad_chars
                0x20000000       0x10 ./Core/Src/keypad.o
                0x20000000                keypad_chars
 .data.last_pressed.1
                0x20000010        0x2 ./Core/Src/keypad.o
 .data.cursor_x
                0x20000012        0x1 ./Core/Src/main.o
 .data.cursor_y
                0x20000013        0x1 ./Core/Src/main.o
 .data.SystemCoreClock
                0x20000014        0x4 ./Core/Src/system_stm32l4xx.o
                0x20000014                SystemCoreClock
 .data.uwTickPrio
                0x20000018        0x4 ./Drivers/STM32L4xx_HAL_Driver/Src/stm32l4xx_hal.o
                0x20000018                uwTickPrio
 .data.uwTickFreq
                0x2000001c        0x1 ./Drivers/STM32L4xx_HAL_Driver/Src/stm32l4xx_hal.o
                0x2000001c                uwTickFreq
 *fill*         0x2000001d        0x3 
 .data.__sglue  0x20000020        0xc C:/ST/STM32CubeIDE_1.13.1/STM32CubeIDE/plugins/com.st.stm32cube.ide.mcu.externaltools.gnu-tools-for-stm32.12.3.rel1.win32_1.0.200.202406191623/tools/bin/../lib/gcc/arm-none-eabi/12.3.1/../../../../arm-none-eabi/lib/thumb/v7e-m+fp/hard\libc_nano.a(libc_a-findfp.o)
                0x20000020                __sglue
 .data._impure_ptr
                0x2000002c        0x4 C:/ST/STM32CubeIDE_1.13.1/STM32CubeIDE/plugins/com.st.stm32cube.ide.mcu.externaltools.gnu-tools-for-stm32.12.3.rel1.win32_1.0.200.202406191623/tools/bin/../lib/gcc/arm-none-eabi/12.3.1/../../../../arm-none-eabi/lib/thumb/v7e-m+fp/hard\libc_nano.a(libc_a-impure.o)
                0x2000002c                _impure_ptr
 .data._impure_data
                0x20000030       0x4c C:/ST/STM32CubeIDE_1.13.1/STM32CubeIDE/plugins/com.st.stm32cube.ide.mcu.externaltools.gnu-tools-for-stm32.12.3.rel1.win32_1.0.200.202406191623/tools/bin/../lib/gcc/arm-none-eabi/12.3.1/../../../../arm-none-eabi/lib/thumb/v7e-m+fp/hard\libc_nano.a(libc_a-impure.o)
                0x20000030                _impure_data
 *(.RamFunc)
 *(.RamFunc*)
                0x2000007c                        . = ALIGN (0x4)
                0x2000007c                        _edata = .

.igot.plt       0x2000007c        0x0 load address 0x08006558
 .igot.plt      0x2000007c        0x0 C:/ST/STM32CubeIDE_1.13.1/STM32CubeIDE/plugins/com.st.stm32cube.ide.mcu.externaltools.gnu-tools-for-stm32.12.3.rel1.win32_1.0.200.202406191623/tools/bin/../lib/gcc/arm-none-eabi/12.3.1/thumb/v7e-m+fp/hard/crtbegin.o
                0x2000007c                        . = ALIGN (0x4)

.bss            0x2000007c      0x684 load address 0x08006558
                0x2000007c                        _sbss = .
                0x2000007c                        __bss_start__ = _sbss
 *(.bss)
 .bss           0x2000007c       0x1c C:/ST/STM32CubeIDE_1.13.1/STM32CubeIDE/plugins/com.st.stm32cube.ide.mcu.externaltools.gnu-tools-for-stm32.12.3.rel1.win32_1.0.200.202406191623/tools/bin/../lib/gcc/arm-none-eabi/12.3.1/thumb/v7e-m+fp/hard/crtbegin.o
 *(.bss*)
 .bss.last_tick.0
                0x20000098        0x4 ./Core/Src/keypad.o
 .bss.hi2c1     0x2000009c       0x54 ./Core/Src/main.o
                0x2000009c                hi2c1
 .bss.huart2    0x200000f0       0x88 ./Core/Src/main.o
                0x200000f0                huart2
 .bss.keyboard_buffer_memory
                0x20000178        0xa ./Core/Src/main.o
                0x20000178                keyboard_buffer_memory
 *fill*         0x20000182        0x2 
 .bss.keyboard_ring_buffer
                0x20000184        0x8 ./Core/Src/main.o
                0x20000184                keyboard_ring_buffer
 .bss.display_buffer
                0x2000018c       0x15 ./Core/Src/main.o
 .bss.buffer_index
                0x200001a1        0x1 ./Core/Src/main.o
 *fill*         0x200001a2        0x2 
 .bss.__sbrk_heap_end
                0x200001a4        0x4 ./Core/Src/sysmem.o
 .bss.uwTick    0x200001a8        0x4 ./Drivers/STM32L4xx_HAL_Driver/Src/stm32l4xx_hal.o
                0x200001a8                uwTick
 .bss.SSD1306_Buffer
                0x200001ac      0x400 ./External/ssd1306/ssd1306.o
 .bss.SSD1306   0x200005ac        0x6 ./External/ssd1306/ssd1306.o
 *fill*         0x200005b2        0x2 
 .bss.__sf      0x200005b4      0x138 C:/ST/STM32CubeIDE_1.13.1/STM32CubeIDE/plugins/com.st.stm32cube.ide.mcu.externaltools.gnu-tools-for-stm32.12.3.rel1.win32_1.0.200.202406191623/tools/bin/../lib/gcc/arm-none-eabi/12.3.1/../../../../arm-none-eabi/lib/thumb/v7e-m+fp/hard\libc_nano.a(libc_a-findfp.o)
                0x200005b4                __sf
 .bss.__stdio_exit_handler
                0x200006ec        0x4 C:/ST/STM32CubeIDE_1.13.1/STM32CubeIDE/plugins/com.st.stm32cube.ide.mcu.externaltools.gnu-tools-for-stm32.12.3.rel1.win32_1.0.200.202406191623/tools/bin/../lib/gcc/arm-none-eabi/12.3.1/../../../../arm-none-eabi/lib/thumb/v7e-m+fp/hard\libc_nano.a(libc_a-findfp.o)
                0x200006ec                __stdio_exit_handler
 .bss.errno     0x200006f0        0x4 C:/ST/STM32CubeIDE_1.13.1/STM32CubeIDE/plugins/com.st.stm32cube.ide.mcu.externaltools.gnu-tools-for-stm32.12.3.rel1.win32_1.0.200.202406191623/tools/bin/../lib/gcc/arm-none-eabi/12.3.1/../../../../arm-none-eabi/lib/thumb/v7e-m+fp/hard\libc_nano.a(libc_a-reent.o)
                0x200006f0                errno
 .bss.__lock___malloc_recursive_mutex
                0x200006f4        0x1 C:/ST/STM32CubeIDE_1.13.1/STM32CubeIDE/plugins/com.st.stm32cube.ide.mcu.externaltools.gnu-tools-for-stm32.12.3.rel1.win32_1.0.200.202406191623/tools/bin/../lib/gcc/arm-none-eabi/12.3.1/../../../../arm-none-eabi/lib/thumb/v7e-m+fp/hard\libc_nano.a(libc_a-lock.o)
                0x200006f4                __lock___malloc_recursive_mutex
 .bss.__lock___sfp_recursive_mutex
                0x200006f5        0x1 C:/ST/STM32CubeIDE_1.13.1/STM32CubeIDE/plugins/com.st.stm32cube.ide.mcu.externaltools.gnu-tools-for-stm32.12.3.rel1.win32_1.0.200.202406191623/tools/bin/../lib/gcc/arm-none-eabi/12.3.1/../../../../arm-none-eabi/lib/thumb/v7e-m+fp/hard\libc_nano.a(libc_a-lock.o)
                0x200006f5                __lock___sfp_recursive_mutex
 *fill*         0x200006f6        0x2 
 .bss.__malloc_sbrk_start
                0x200006f8        0x4 C:/ST/STM32CubeIDE_1.13.1/STM32CubeIDE/plugins/com.st.stm32cube.ide.mcu.externaltools.gnu-tools-for-stm32.12.3.rel1.win32_1.0.200.202406191623/tools/bin/../lib/gcc/arm-none-eabi/12.3.1/../../../../arm-none-eabi/lib/thumb/v7e-m+fp/hard\libc_nano.a(libc_a-mallocr.o)
                0x200006f8                __malloc_sbrk_start
 .bss.__malloc_free_list
                0x200006fc        0x4 C:/ST/STM32CubeIDE_1.13.1/STM32CubeIDE/plugins/com.st.stm32cube.ide.mcu.externaltools.gnu-tools-for-stm32.12.3.rel1.win32_1.0.200.202406191623/tools/bin/../lib/gcc/arm-none-eabi/12.3.1/../../../../arm-none-eabi/lib/thumb/v7e-m+fp/hard\libc_nano.a(libc_a-mallocr.o)
                0x200006fc                __malloc_free_list
 *(COMMON)
                0x20000700                        . = ALIGN (0x4)
                0x20000700                        _ebss = .
                0x20000700                        __bss_end__ = _ebss

._user_heap_stack
                0x20000700      0x600 load address 0x08006558
                0x20000700                        . = ALIGN (0x8)
                [!provide]                        PROVIDE (end = .)
                0x20000700                        PROVIDE (_end = .)
                0x20000900                        . = (. + _Min_Heap_Size)
 *fill*         0x20000700      0x200 
                0x20000d00                        . = (. + _Min_Stack_Size)
 *fill*         0x20000900      0x400 
                0x20000d00                        . = ALIGN (0x8)

/DISCARD/
 libc.a(*)
 libm.a(*)
 libgcc.a(*)

.ARM.attributes
                0x00000000       0x30
 *(.ARM.attributes)
 .ARM.attributes
                0x00000000       0x22 C:/ST/STM32CubeIDE_1.13.1/STM32CubeIDE/plugins/com.st.stm32cube.ide.mcu.externaltools.gnu-tools-for-stm32.12.3.rel1.win32_1.0.200.202406191623/tools/bin/../lib/gcc/arm-none-eabi/12.3.1/thumb/v7e-m+fp/hard/crti.o
 .ARM.attributes
                0x00000022       0x34 C:/ST/STM32CubeIDE_1.13.1/STM32CubeIDE/plugins/com.st.stm32cube.ide.mcu.externaltools.gnu-tools-for-stm32.12.3.rel1.win32_1.0.200.202406191623/tools/bin/../lib/gcc/arm-none-eabi/12.3.1/thumb/v7e-m+fp/hard/crtbegin.o
 .ARM.attributes
                0x00000056       0x34 ./Core/Src/keypad.o
 .ARM.attributes
                0x0000008a       0x34 ./Core/Src/main.o
 .ARM.attributes
                0x000000be       0x34 ./Core/Src/ring_buffer.o
 .ARM.attributes
                0x000000f2       0x34 ./Core/Src/stm32l4xx_hal_msp.o
 .ARM.attributes
                0x00000126       0x34 ./Core/Src/stm32l4xx_it.o
 .ARM.attributes
                0x0000015a       0x34 ./Core/Src/syscalls.o
 .ARM.attributes
                0x0000018e       0x34 ./Core/Src/sysmem.o
 .ARM.attributes
                0x000001c2       0x34 ./Core/Src/system_stm32l4xx.o
 .ARM.attributes
                0x000001f6       0x21 ./Core/Startup/startup_stm32l476rgtx.o
 .ARM.attributes
                0x00000217       0x34 ./Drivers/STM32L4xx_HAL_Driver/Src/stm32l4xx_hal.o
 .ARM.attributes
                0x0000024b       0x34 ./Drivers/STM32L4xx_HAL_Driver/Src/stm32l4xx_hal_cortex.o
 .ARM.attributes
                0x0000027f       0x34 ./Drivers/STM32L4xx_HAL_Driver/Src/stm32l4xx_hal_dma.o
 .ARM.attributes
                0x000002b3       0x34 ./Drivers/STM32L4xx_HAL_Driver/Src/stm32l4xx_hal_gpio.o
 .ARM.attributes
                0x000002e7       0x34 ./Drivers/STM32L4xx_HAL_Driver/Src/stm32l4xx_hal_i2c.o
 .ARM.attributes
                0x0000031b       0x34 ./Drivers/STM32L4xx_HAL_Driver/Src/stm32l4xx_hal_i2c_ex.o
 .ARM.attributes
                0x0000034f       0x34 ./Drivers/STM32L4xx_HAL_Driver/Src/stm32l4xx_hal_pwr_ex.o
 .ARM.attributes
                0x00000383       0x34 ./Drivers/STM32L4xx_HAL_Driver/Src/stm32l4xx_hal_rcc.o
 .ARM.attributes
                0x000003b7       0x34 ./Drivers/STM32L4xx_HAL_Driver/Src/stm32l4xx_hal_rcc_ex.o
 .ARM.attributes
                0x000003eb       0x34 ./Drivers/STM32L4xx_HAL_Driver/Src/stm32l4xx_hal_uart.o
 .ARM.attributes
                0x0000041f       0x34 ./External/ssd1306/ssd1306.o
 .ARM.attributes
                0x00000453       0x34 ./External/ssd1306/ssd1306_fonts.o
 .ARM.attributes
                0x00000487       0x34 C:/ST/STM32CubeIDE_1.13.1/STM32CubeIDE/plugins/com.st.stm32cube.ide.mcu.externaltools.gnu-tools-for-stm32.12.3.rel1.win32_1.0.200.202406191623/tools/bin/../lib/gcc/arm-none-eabi/12.3.1/../../../../arm-none-eabi/lib/thumb/v7e-m+fp/hard\libc_nano.a(libc_a-findfp.o)
 .ARM.attributes
                0x000004bb       0x34 C:/ST/STM32CubeIDE_1.13.1/STM32CubeIDE/plugins/com.st.stm32cube.ide.mcu.externaltools.gnu-tools-for-stm32.12.3.rel1.win32_1.0.200.202406191623/tools/bin/../lib/gcc/arm-none-eabi/12.3.1/../../../../arm-none-eabi/lib/thumb/v7e-m+fp/hard\libc_nano.a(libc_a-fwalk.o)
 .ARM.attributes
                0x000004ef       0x34 C:/ST/STM32CubeIDE_1.13.1/STM32CubeIDE/plugins/com.st.stm32cube.ide.mcu.externaltools.gnu-tools-for-stm32.12.3.rel1.win32_1.0.200.202406191623/tools/bin/../lib/gcc/arm-none-eabi/12.3.1/../../../../arm-none-eabi/lib/thumb/v7e-m+fp/hard\libc_nano.a(libc_a-puts.o)
 .ARM.attributes
                0x00000523       0x34 C:/ST/STM32CubeIDE_1.13.1/STM32CubeIDE/plugins/com.st.stm32cube.ide.mcu.externaltools.gnu-tools-for-stm32.12.3.rel1.win32_1.0.200.202406191623/tools/bin/../lib/gcc/arm-none-eabi/12.3.1/../../../../arm-none-eabi/lib/thumb/v7e-m+fp/hard\libc_nano.a(libc_a-stdio.o)
 .ARM.attributes
                0x00000557       0x34 C:/ST/STM32CubeIDE_1.13.1/STM32CubeIDE/plugins/com.st.stm32cube.ide.mcu.externaltools.gnu-tools-for-stm32.12.3.rel1.win32_1.0.200.202406191623/tools/bin/../lib/gcc/arm-none-eabi/12.3.1/../../../../arm-none-eabi/lib/thumb/v7e-m+fp/hard\libc_nano.a(libc_a-wbuf.o)
 .ARM.attributes
                0x0000058b       0x34 C:/ST/STM32CubeIDE_1.13.1/STM32CubeIDE/plugins/com.st.stm32cube.ide.mcu.externaltools.gnu-tools-for-stm32.12.3.rel1.win32_1.0.200.202406191623/tools/bin/../lib/gcc/arm-none-eabi/12.3.1/../../../../arm-none-eabi/lib/thumb/v7e-m+fp/hard\libc_nano.a(libc_a-wsetup.o)
 .ARM.attributes
                0x000005bf       0x34 C:/ST/STM32CubeIDE_1.13.1/STM32CubeIDE/plugins/com.st.stm32cube.ide.mcu.externaltools.gnu-tools-for-stm32.12.3.rel1.win32_1.0.200.202406191623/tools/bin/../lib/gcc/arm-none-eabi/12.3.1/../../../../arm-none-eabi/lib/thumb/v7e-m+fp/hard\libc_nano.a(libc_a-memset.o)
 .ARM.attributes
                0x000005f3       0x34 C:/ST/STM32CubeIDE_1.13.1/STM32CubeIDE/plugins/com.st.stm32cube.ide.mcu.externaltools.gnu-tools-for-stm32.12.3.rel1.win32_1.0.200.202406191623/tools/bin/../lib/gcc/arm-none-eabi/12.3.1/../../../../arm-none-eabi/lib/thumb/v7e-m+fp/hard\libc_nano.a(libc_a-closer.o)
 .ARM.attributes
                0x00000627       0x34 C:/ST/STM32CubeIDE_1.13.1/STM32CubeIDE/plugins/com.st.stm32cube.ide.mcu.externaltools.gnu-tools-for-stm32.12.3.rel1.win32_1.0.200.202406191623/tools/bin/../lib/gcc/arm-none-eabi/12.3.1/../../../../arm-none-eabi/lib/thumb/v7e-m+fp/hard\libc_nano.a(libc_a-reent.o)
 .ARM.attributes
                0x0000065b       0x34 C:/ST/STM32CubeIDE_1.13.1/STM32CubeIDE/plugins/com.st.stm32cube.ide.mcu.externaltools.gnu-tools-for-stm32.12.3.rel1.win32_1.0.200.202406191623/tools/bin/../lib/gcc/arm-none-eabi/12.3.1/../../../../arm-none-eabi/lib/thumb/v7e-m+fp/hard\libc_nano.a(libc_a-impure.o)
 .ARM.attributes
                0x0000068f       0x34 C:/ST/STM32CubeIDE_1.13.1/STM32CubeIDE/plugins/com.st.stm32cube.ide.mcu.externaltools.gnu-tools-for-stm32.12.3.rel1.win32_1.0.200.202406191623/tools/bin/../lib/gcc/arm-none-eabi/12.3.1/../../../../arm-none-eabi/lib/thumb/v7e-m+fp/hard\libc_nano.a(libc_a-lseekr.o)
 .ARM.attributes
                0x000006c3       0x34 C:/ST/STM32CubeIDE_1.13.1/STM32CubeIDE/plugins/com.st.stm32cube.ide.mcu.externaltools.gnu-tools-for-stm32.12.3.rel1.win32_1.0.200.202406191623/tools/bin/../lib/gcc/arm-none-eabi/12.3.1/../../../../arm-none-eabi/lib/thumb/v7e-m+fp/hard\libc_nano.a(libc_a-readr.o)
 .ARM.attributes
                0x000006f7       0x34 C:/ST/STM32CubeIDE_1.13.1/STM32CubeIDE/plugins/com.st.stm32cube.ide.mcu.externaltools.gnu-tools-for-stm32.12.3.rel1.win32_1.0.200.202406191623/tools/bin/../lib/gcc/arm-none-eabi/12.3.1/../../../../arm-none-eabi/lib/thumb/v7e-m+fp/hard\libc_nano.a(libc_a-writer.o)
 .ARM.attributes
                0x0000072b       0x34 C:/ST/STM32CubeIDE_1.13.1/STM32CubeIDE/plugins/com.st.stm32cube.ide.mcu.externaltools.gnu-tools-for-stm32.12.3.rel1.win32_1.0.200.202406191623/tools/bin/../lib/gcc/arm-none-eabi/12.3.1/../../../../arm-none-eabi/lib/thumb/v7e-m+fp/hard\libc_nano.a(libc_a-errno.o)
 .ARM.attributes
                0x0000075f       0x34 C:/ST/STM32CubeIDE_1.13.1/STM32CubeIDE/plugins/com.st.stm32cube.ide.mcu.externaltools.gnu-tools-for-stm32.12.3.rel1.win32_1.0.200.202406191623/tools/bin/../lib/gcc/arm-none-eabi/12.3.1/../../../../arm-none-eabi/lib/thumb/v7e-m+fp/hard\libc_nano.a(libc_a-init.o)
 .ARM.attributes
                0x00000793       0x34 C:/ST/STM32CubeIDE_1.13.1/STM32CubeIDE/plugins/com.st.stm32cube.ide.mcu.externaltools.gnu-tools-for-stm32.12.3.rel1.win32_1.0.200.202406191623/tools/bin/../lib/gcc/arm-none-eabi/12.3.1/../../../../arm-none-eabi/lib/thumb/v7e-m+fp/hard\libc_nano.a(libc_a-lock.o)
 .ARM.attributes
                0x000007c7       0x34 C:/ST/STM32CubeIDE_1.13.1/STM32CubeIDE/plugins/com.st.stm32cube.ide.mcu.externaltools.gnu-tools-for-stm32.12.3.rel1.win32_1.0.200.202406191623/tools/bin/../lib/gcc/arm-none-eabi/12.3.1/../../../../arm-none-eabi/lib/thumb/v7e-m+fp/hard\libc_nano.a(libc_a-freer.o)
 .ARM.attributes
                0x000007fb       0x34 C:/ST/STM32CubeIDE_1.13.1/STM32CubeIDE/plugins/com.st.stm32cube.ide.mcu.externaltools.gnu-tools-for-stm32.12.3.rel1.win32_1.0.200.202406191623/tools/bin/../lib/gcc/arm-none-eabi/12.3.1/../../../../arm-none-eabi/lib/thumb/v7e-m+fp/hard\libc_nano.a(libc_a-mallocr.o)
 .ARM.attributes
                0x0000082f       0x34 C:/ST/STM32CubeIDE_1.13.1/STM32CubeIDE/plugins/com.st.stm32cube.ide.mcu.externaltools.gnu-tools-for-stm32.12.3.rel1.win32_1.0.200.202406191623/tools/bin/../lib/gcc/arm-none-eabi/12.3.1/../../../../arm-none-eabi/lib/thumb/v7e-m+fp/hard\libc_nano.a(libc_a-mlock.o)
 .ARM.attributes
                0x00000863       0x34 C:/ST/STM32CubeIDE_1.13.1/STM32CubeIDE/plugins/com.st.stm32cube.ide.mcu.externaltools.gnu-tools-for-stm32.12.3.rel1.win32_1.0.200.202406191623/tools/bin/../lib/gcc/arm-none-eabi/12.3.1/../../../../arm-none-eabi/lib/thumb/v7e-m+fp/hard\libc_nano.a(libc_a-fflush.o)
 .ARM.attributes
                0x00000897       0x34 C:/ST/STM32CubeIDE_1.13.1/STM32CubeIDE/plugins/com.st.stm32cube.ide.mcu.externaltools.gnu-tools-for-stm32.12.3.rel1.win32_1.0.200.202406191623/tools/bin/../lib/gcc/arm-none-eabi/12.3.1/../../../../arm-none-eabi/lib/thumb/v7e-m+fp/hard\libc_nano.a(libc_a-makebuf.o)
 .ARM.attributes
                0x000008cb       0x34 C:/ST/STM32CubeIDE_1.13.1/STM32CubeIDE/plugins/com.st.stm32cube.ide.mcu.externaltools.gnu-tools-for-stm32.12.3.rel1.win32_1.0.200.202406191623/tools/bin/../lib/gcc/arm-none-eabi/12.3.1/../../../../arm-none-eabi/lib/thumb/v7e-m+fp/hard\libc_nano.a(libc_a-fstatr.o)
 .ARM.attributes
                0x000008ff       0x34 C:/ST/STM32CubeIDE_1.13.1/STM32CubeIDE/plugins/com.st.stm32cube.ide.mcu.externaltools.gnu-tools-for-stm32.12.3.rel1.win32_1.0.200.202406191623/tools/bin/../lib/gcc/arm-none-eabi/12.3.1/../../../../arm-none-eabi/lib/thumb/v7e-m+fp/hard\libc_nano.a(libc_a-isattyr.o)
 .ARM.attributes
                0x00000933       0x34 C:/ST/STM32CubeIDE_1.13.1/STM32CubeIDE/plugins/com.st.stm32cube.ide.mcu.externaltools.gnu-tools-for-stm32.12.3.rel1.win32_1.0.200.202406191623/tools/bin/../lib/gcc/arm-none-eabi/12.3.1/../../../../arm-none-eabi/lib/thumb/v7e-m+fp/hard\libc_nano.a(libc_a-sbrkr.o)
 .ARM.attributes
                0x00000967       0x22 C:/ST/STM32CubeIDE_1.13.1/STM32CubeIDE/plugins/com.st.stm32cube.ide.mcu.externaltools.gnu-tools-for-stm32.12.3.rel1.win32_1.0.200.202406191623/tools/bin/../lib/gcc/arm-none-eabi/12.3.1/thumb/v7e-m+fp/hard\libgcc.a(_aeabi_uldivmod.o)
 .ARM.attributes
                0x00000989       0x34 C:/ST/STM32CubeIDE_1.13.1/STM32CubeIDE/plugins/com.st.stm32cube.ide.mcu.externaltools.gnu-tools-for-stm32.12.3.rel1.win32_1.0.200.202406191623/tools/bin/../lib/gcc/arm-none-eabi/12.3.1/thumb/v7e-m+fp/hard\libgcc.a(_udivmoddi4.o)
 .ARM.attributes
                0x000009bd       0x22 C:/ST/STM32CubeIDE_1.13.1/STM32CubeIDE/plugins/com.st.stm32cube.ide.mcu.externaltools.gnu-tools-for-stm32.12.3.rel1.win32_1.0.200.202406191623/tools/bin/../lib/gcc/arm-none-eabi/12.3.1/thumb/v7e-m+fp/hard\libgcc.a(_dvmd_tls.o)
 .ARM.attributes
                0x000009df       0x22 C:/ST/STM32CubeIDE_1.13.1/STM32CubeIDE/plugins/com.st.stm32cube.ide.mcu.externaltools.gnu-tools-for-stm32.12.3.rel1.win32_1.0.200.202406191623/tools/bin/../lib/gcc/arm-none-eabi/12.3.1/thumb/v7e-m+fp/hard/crtn.o
OUTPUT(ProjectR.elf elf32-littlearm)
LOAD linker stubs
LOAD C:/ST/STM32CubeIDE_1.13.1/STM32CubeIDE/plugins/com.st.stm32cube.ide.mcu.externaltools.gnu-tools-for-stm32.12.3.rel1.win32_1.0.200.202406191623/tools/bin/../lib/gcc/arm-none-eabi/12.3.1/../../../../arm-none-eabi/lib/thumb/v7e-m+fp/hard\libc.a
LOAD C:/ST/STM32CubeIDE_1.13.1/STM32CubeIDE/plugins/com.st.stm32cube.ide.mcu.externaltools.gnu-tools-for-stm32.12.3.rel1.win32_1.0.200.202406191623/tools/bin/../lib/gcc/arm-none-eabi/12.3.1/../../../../arm-none-eabi/lib/thumb/v7e-m+fp/hard\libm.a
LOAD C:/ST/STM32CubeIDE_1.13.1/STM32CubeIDE/plugins/com.st.stm32cube.ide.mcu.externaltools.gnu-tools-for-stm32.12.3.rel1.win32_1.0.200.202406191623/tools/bin/../lib/gcc/arm-none-eabi/12.3.1/thumb/v7e-m+fp/hard\libgcc.a

.debug_info     0x00000000    0x10df4
 .debug_info    0x00000000      0x2eb ./Core/Src/keypad.o
 .debug_info    0x000002eb     0x16c6 ./Core/Src/main.o
 .debug_info    0x000019b1      0x22c ./Core/Src/ring_buffer.o
 .debug_info    0x00001bdd     0x17f8 ./Core/Src/stm32l4xx_hal_msp.o
 .debug_info    0x000033d5      0x6fc ./Core/Src/stm32l4xx_it.o
 .debug_info    0x00003ad1      0x6a3 ./Core/Src/syscalls.o
 .debug_info    0x00004174      0x168 ./Core/Src/sysmem.o
 .debug_info    0x000042dc      0x5b1 ./Core/Src/system_stm32l4xx.o
 .debug_info    0x0000488d       0x30 ./Core/Startup/startup_stm32l476rgtx.o
 .debug_info    0x000048bd      0xaeb ./Drivers/STM32L4xx_HAL_Driver/Src/stm32l4xx_hal.o
 .debug_info    0x000053a8      0xd81 ./Drivers/STM32L4xx_HAL_Driver/Src/stm32l4xx_hal_cortex.o
 .debug_info    0x00006129      0x6f4 ./Drivers/STM32L4xx_HAL_Driver/Src/stm32l4xx_hal_dma.o
 .debug_info    0x0000681d      0x757 ./Drivers/STM32L4xx_HAL_Driver/Src/stm32l4xx_hal_gpio.o
 .debug_info    0x00006f74     0x20d2 ./Drivers/STM32L4xx_HAL_Driver/Src/stm32l4xx_hal_i2c.o
 .debug_info    0x00009046      0x975 ./Drivers/STM32L4xx_HAL_Driver/Src/stm32l4xx_hal_i2c_ex.o
 .debug_info    0x000099bb      0x99e ./Drivers/STM32L4xx_HAL_Driver/Src/stm32l4xx_hal_pwr_ex.o
 .debug_info    0x0000a359      0xc14 ./Drivers/STM32L4xx_HAL_Driver/Src/stm32l4xx_hal_rcc.o
 .debug_info    0x0000af6d      0xe11 ./Drivers/STM32L4xx_HAL_Driver/Src/stm32l4xx_hal_rcc_ex.o
 .debug_info    0x0000bd7e     0x3b69 ./Drivers/STM32L4xx_HAL_Driver/Src/stm32l4xx_hal_uart.o
 .debug_info    0x0000f8e7     0x1269 ./External/ssd1306/ssd1306.o
 .debug_info    0x00010b50      0x2a4 ./External/ssd1306/ssd1306_fonts.o

.debug_abbrev   0x00000000     0x2899
 .debug_abbrev  0x00000000      0x194 ./Core/Src/keypad.o
 .debug_abbrev  0x00000194      0x329 ./Core/Src/main.o
 .debug_abbrev  0x000004bd       0xf2 ./Core/Src/ring_buffer.o
 .debug_abbrev  0x000005af      0x223 ./Core/Src/stm32l4xx_hal_msp.o
 .debug_abbrev  0x000007d2      0x17a ./Core/Src/stm32l4xx_it.o
 .debug_abbrev  0x0000094c      0x1b6 ./Core/Src/syscalls.o
 .debug_abbrev  0x00000b02       0xbc ./Core/Src/sysmem.o
 .debug_abbrev  0x00000bbe      0x11a ./Core/Src/system_stm32l4xx.o
 .debug_abbrev  0x00000cd8       0x24 ./Core/Startup/startup_stm32l476rgtx.o
 .debug_abbrev  0x00000cfc      0x242 ./Drivers/STM32L4xx_HAL_Driver/Src/stm32l4xx_hal.o
 .debug_abbrev  0x00000f3e      0x31c ./Drivers/STM32L4xx_HAL_Driver/Src/stm32l4xx_hal_cortex.o
 .debug_abbrev  0x0000125a      0x1e4 ./Drivers/STM32L4xx_HAL_Driver/Src/stm32l4xx_hal_dma.o
 .debug_abbrev  0x0000143e      0x1cb ./Drivers/STM32L4xx_HAL_Driver/Src/stm32l4xx_hal_gpio.o
 .debug_abbrev  0x00001609      0x261 ./Drivers/STM32L4xx_HAL_Driver/Src/stm32l4xx_hal_i2c.o
 .debug_abbrev  0x0000186a      0x1c3 ./Drivers/STM32L4xx_HAL_Driver/Src/stm32l4xx_hal_i2c_ex.o
 .debug_abbrev  0x00001a2d      0x1f9 ./Drivers/STM32L4xx_HAL_Driver/Src/stm32l4xx_hal_pwr_ex.o
 .debug_abbrev  0x00001c26      0x2cb ./Drivers/STM32L4xx_HAL_Driver/Src/stm32l4xx_hal_rcc.o
 .debug_abbrev  0x00001ef1      0x2a6 ./Drivers/STM32L4xx_HAL_Driver/Src/stm32l4xx_hal_rcc_ex.o
 .debug_abbrev  0x00002197      0x2d0 ./Drivers/STM32L4xx_HAL_Driver/Src/stm32l4xx_hal_uart.o
 .debug_abbrev  0x00002467      0x363 ./External/ssd1306/ssd1306.o
 .debug_abbrev  0x000027ca       0xcf ./External/ssd1306/ssd1306_fonts.o

.debug_aranges  0x00000000      0xeb0
 .debug_aranges
                0x00000000       0x30 ./Core/Src/keypad.o
 .debug_aranges
                0x00000030       0x58 ./Core/Src/main.o
 .debug_aranges
                0x00000088       0x50 ./Core/Src/ring_buffer.o
 .debug_aranges
                0x000000d8       0x50 ./Core/Src/stm32l4xx_hal_msp.o
 .debug_aranges
                0x00000128       0x80 ./Core/Src/stm32l4xx_it.o
 .debug_aranges
                0x000001a8       0xa8 ./Core/Src/syscalls.o
 .debug_aranges
                0x00000250       0x20 ./Core/Src/sysmem.o
 .debug_aranges
                0x00000270       0x28 ./Core/Src/system_stm32l4xx.o
 .debug_aranges
                0x00000298       0x28 ./Core/Startup/startup_stm32l476rgtx.o
 .debug_aranges
                0x000002c0      0x130 ./Drivers/STM32L4xx_HAL_Driver/Src/stm32l4xx_hal.o
 .debug_aranges
                0x000003f0      0x128 ./Drivers/STM32L4xx_HAL_Driver/Src/stm32l4xx_hal_cortex.o
 .debug_aranges
                0x00000518       0x80 ./Drivers/STM32L4xx_HAL_Driver/Src/stm32l4xx_hal_dma.o
 .debug_aranges
                0x00000598       0x58 ./Drivers/STM32L4xx_HAL_Driver/Src/stm32l4xx_hal_gpio.o
 .debug_aranges
                0x000005f0      0x2a0 ./Drivers/STM32L4xx_HAL_Driver/Src/stm32l4xx_hal_i2c.o
 .debug_aranges
                0x00000890       0x48 ./Drivers/STM32L4xx_HAL_Driver/Src/stm32l4xx_hal_i2c_ex.o
 .debug_aranges
                0x000008d8      0x160 ./Drivers/STM32L4xx_HAL_Driver/Src/stm32l4xx_hal_pwr_ex.o
 .debug_aranges
                0x00000a38       0x90 ./Drivers/STM32L4xx_HAL_Driver/Src/stm32l4xx_hal_rcc.o
 .debug_aranges
                0x00000ac8       0xc0 ./Drivers/STM32L4xx_HAL_Driver/Src/stm32l4xx_hal_rcc_ex.o
 .debug_aranges
                0x00000b88      0x228 ./Drivers/STM32L4xx_HAL_Driver/Src/stm32l4xx_hal_uart.o
 .debug_aranges
                0x00000db0       0xe8 ./External/ssd1306/ssd1306.o
 .debug_aranges
                0x00000e98       0x18 ./External/ssd1306/ssd1306_fonts.o

.debug_rnglists
                0x00000000      0xb41
 .debug_rnglists
                0x00000000       0x21 ./Core/Src/keypad.o
 .debug_rnglists
                0x00000021       0x41 ./Core/Src/main.o
 .debug_rnglists
                0x00000062       0x37 ./Core/Src/ring_buffer.o
 .debug_rnglists
                0x00000099       0x3b ./Core/Src/stm32l4xx_hal_msp.o
 .debug_rnglists
                0x000000d4       0x5b ./Core/Src/stm32l4xx_it.o
 .debug_rnglists
                0x0000012f       0x79 ./Core/Src/syscalls.o
 .debug_rnglists
                0x000001a8       0x13 ./Core/Src/sysmem.o
 .debug_rnglists
                0x000001bb       0x1a ./Core/Src/system_stm32l4xx.o
 .debug_rnglists
                0x000001d5       0x19 ./Core/Startup/startup_stm32l476rgtx.o
 .debug_rnglists
                0x000001ee       0xdf ./Drivers/STM32L4xx_HAL_Driver/Src/stm32l4xx_hal.o
 .debug_rnglists
                0x000002cd       0xda ./Drivers/STM32L4xx_HAL_Driver/Src/stm32l4xx_hal_cortex.o
 .debug_rnglists
                0x000003a7       0x64 ./Drivers/STM32L4xx_HAL_Driver/Src/stm32l4xx_hal_dma.o
 .debug_rnglists
                0x0000040b       0x3f ./Drivers/STM32L4xx_HAL_Driver/Src/stm32l4xx_hal_gpio.o
 .debug_rnglists
                0x0000044a      0x228 ./Drivers/STM32L4xx_HAL_Driver/Src/stm32l4xx_hal_i2c.o
 .debug_rnglists
                0x00000672       0x35 ./Drivers/STM32L4xx_HAL_Driver/Src/stm32l4xx_hal_i2c_ex.o
 .debug_rnglists
                0x000006a7      0x109 ./Drivers/STM32L4xx_HAL_Driver/Src/stm32l4xx_hal_pwr_ex.o
 .debug_rnglists
                0x000007b0       0x6d ./Drivers/STM32L4xx_HAL_Driver/Src/stm32l4xx_hal_rcc.o
 .debug_rnglists
                0x0000081d       0x95 ./Drivers/STM32L4xx_HAL_Driver/Src/stm32l4xx_hal_rcc_ex.o
 .debug_rnglists
                0x000008b2      0x1db ./Drivers/STM32L4xx_HAL_Driver/Src/stm32l4xx_hal_uart.o
 .debug_rnglists
                0x00000a8d       0xb4 ./External/ssd1306/ssd1306.o

.debug_macro    0x00000000    0x296b3
 .debug_macro   0x00000000      0x201 ./Core/Src/keypad.o
 .debug_macro   0x00000201      0xab4 ./Core/Src/keypad.o
 .debug_macro   0x00000cb5       0x22 ./Core/Src/keypad.o
 .debug_macro   0x00000cd7       0x8e ./Core/Src/keypad.o
 .debug_macro   0x00000d65       0x51 ./Core/Src/keypad.o
 .debug_macro   0x00000db6      0x103 ./Core/Src/keypad.o
 .debug_macro   0x00000eb9       0x6a ./Core/Src/keypad.o
 .debug_macro   0x00000f23      0x1df ./Core/Src/keypad.o
 .debug_macro   0x00001102      0x1ad ./Core/Src/keypad.o
 .debug_macro   0x000012af       0x2e ./Core/Src/keypad.o
 .debug_macro   0x000012dd       0x28 ./Core/Src/keypad.o
 .debug_macro   0x00001305       0x1c ./Core/Src/keypad.o
 .debug_macro   0x00001321       0x22 ./Core/Src/keypad.o
 .debug_macro   0x00001343       0xfb ./Core/Src/keypad.o
 .debug_macro   0x0000143e     0x1011 ./Core/Src/keypad.o
 .debug_macro   0x0000244f      0x11f ./Core/Src/keypad.o
 .debug_macro   0x0000256e    0x1a17a ./Core/Src/keypad.o
 .debug_macro   0x0001c6e8       0x6d ./Core/Src/keypad.o
 .debug_macro   0x0001c755     0x38fb ./Core/Src/keypad.o
 .debug_macro   0x00020050      0x189 ./Core/Src/keypad.o
 .debug_macro   0x000201d9       0x5c ./Core/Src/keypad.o
 .debug_macro   0x00020235     0x159e ./Core/Src/keypad.o
 .debug_macro   0x000217d3      0x5a5 ./Core/Src/keypad.o
 .debug_macro   0x00021d78      0x1b9 ./Core/Src/keypad.o
 .debug_macro   0x00021f31      0x18b ./Core/Src/keypad.o
 .debug_macro   0x000220bc      0x26b ./Core/Src/keypad.o
 .debug_macro   0x00022327      0x23d ./Core/Src/keypad.o
 .debug_macro   0x00022564      0xf91 ./Core/Src/keypad.o
 .debug_macro   0x000234f5      0x632 ./Core/Src/keypad.o
 .debug_macro   0x00023b27      0x30c ./Core/Src/keypad.o
 .debug_macro   0x00023e33      0x241 ./Core/Src/keypad.o
 .debug_macro   0x00024074      0x37c ./Core/Src/keypad.o
 .debug_macro   0x000243f0       0xd6 ./Core/Src/keypad.o
 .debug_macro   0x000244c6      0x22c ./Core/Src/keypad.o
 .debug_macro   0x000246f2       0x61 ./Core/Src/keypad.o
 .debug_macro   0x00024753       0xa5 ./Core/Src/keypad.o
 .debug_macro   0x000247f8      0x122 ./Core/Src/keypad.o
 .debug_macro   0x0002491a      0x3ef ./Core/Src/keypad.o
 .debug_macro   0x00024d09      0x5cf ./Core/Src/keypad.o
 .debug_macro   0x000252d8       0x44 ./Core/Src/keypad.o
 .debug_macro   0x0002531c      0x330 ./Core/Src/keypad.o
 .debug_macro   0x0002564c       0xb8 ./Core/Src/keypad.o
 .debug_macro   0x00025704      0x34f ./Core/Src/main.o
 .debug_macro   0x00025a53       0x61 ./Core/Src/main.o
 .debug_macro   0x00025ab4       0x2a ./Core/Src/main.o
 .debug_macro   0x00025ade       0x43 ./Core/Src/main.o
 .debug_macro   0x00025b21       0x34 ./Core/Src/main.o
 .debug_macro   0x00025b55       0x16 ./Core/Src/main.o
 .debug_macro   0x00025b6b       0x43 ./Core/Src/main.o
 .debug_macro   0x00025bae       0x34 ./Core/Src/main.o
 .debug_macro   0x00025be2       0x10 ./Core/Src/main.o
 .debug_macro   0x00025bf2       0x58 ./Core/Src/main.o
 .debug_macro   0x00025c4a       0x8e ./Core/Src/main.o
 .debug_macro   0x00025cd8       0x1c ./Core/Src/main.o
 .debug_macro   0x00025cf4      0x177 ./Core/Src/main.o
 .debug_macro   0x00025e6b      0x369 ./Core/Src/main.o
 .debug_macro   0x000261d4       0x10 ./Core/Src/main.o
 .debug_macro   0x000261e4       0x35 ./Core/Src/main.o
 .debug_macro   0x00026219       0x20 ./Core/Src/main.o
 .debug_macro   0x00026239       0x46 ./Core/Src/main.o
 .debug_macro   0x0002627f       0x4c ./Core/Src/main.o
 .debug_macro   0x000262cb       0x1c ./Core/Src/main.o
 .debug_macro   0x000262e7       0x10 ./Core/Src/main.o
 .debug_macro   0x000262f7       0x1c ./Core/Src/main.o
 .debug_macro   0x00026313       0x16 ./Core/Src/main.o
 .debug_macro   0x00026329      0x146 ./Core/Src/main.o
 .debug_macro   0x0002646f       0x6d ./Core/Src/ring_buffer.o
 .debug_macro   0x000264dc      0x1f7 ./Core/Src/stm32l4xx_hal_msp.o
 .debug_macro   0x000266d3      0x201 ./Core/Src/stm32l4xx_it.o
 .debug_macro   0x000268d4      0x274 ./Core/Src/syscalls.o
 .debug_macro   0x00026b48       0x5b ./Core/Src/syscalls.o
 .debug_macro   0x00026ba3       0x94 ./Core/Src/syscalls.o
 .debug_macro   0x00026c37       0x57 ./Core/Src/syscalls.o
 .debug_macro   0x00026c8e       0x10 ./Core/Src/syscalls.o
 .debug_macro   0x00026c9e       0x10 ./Core/Src/syscalls.o
 .debug_macro   0x00026cae       0x10 ./Core/Src/syscalls.o
 .debug_macro   0x00026cbe       0x10 ./Core/Src/syscalls.o
 .debug_macro   0x00026cce       0x1c ./Core/Src/syscalls.o
 .debug_macro   0x00026cea       0x52 ./Core/Src/syscalls.o
 .debug_macro   0x00026d3c       0x22 ./Core/Src/syscalls.o
 .debug_macro   0x00026d5e       0x10 ./Core/Src/syscalls.o
 .debug_macro   0x00026d6e       0x52 ./Core/Src/syscalls.o
 .debug_macro   0x00026dc0       0xcf ./Core/Src/syscalls.o
 .debug_macro   0x00026e8f       0x1c ./Core/Src/syscalls.o
 .debug_macro   0x00026eab       0x3d ./Core/Src/syscalls.o
 .debug_macro   0x00026ee8       0x35 ./Core/Src/syscalls.o
 .debug_macro   0x00026f1d      0x12c ./Core/Src/syscalls.o
 .debug_macro   0x00027049       0x16 ./Core/Src/syscalls.o
 .debug_macro   0x0002705f       0x16 ./Core/Src/syscalls.o
 .debug_macro   0x00027075       0x29 ./Core/Src/syscalls.o
 .debug_macro   0x0002709e       0x10 ./Core/Src/syscalls.o
 .debug_macro   0x000270ae      0x242 ./Core/Src/syscalls.o
 .debug_macro   0x000272f0       0x10 ./Core/Src/syscalls.o
 .debug_macro   0x00027300      0x18a ./Core/Src/syscalls.o
 .debug_macro   0x0002748a       0x16 ./Core/Src/syscalls.o
 .debug_macro   0x000274a0       0xce ./Core/Src/syscalls.o
 .debug_macro   0x0002756e       0xff ./Core/Src/sysmem.o
 .debug_macro   0x0002766d      0x23c ./Core/Src/sysmem.o
 .debug_macro   0x000278a9      0x1e8 ./Core/Src/system_stm32l4xx.o
 .debug_macro   0x00027a91      0x236 ./Drivers/STM32L4xx_HAL_Driver/Src/stm32l4xx_hal.o
 .debug_macro   0x00027cc7      0x1e8 ./Drivers/STM32L4xx_HAL_Driver/Src/stm32l4xx_hal_cortex.o
 .debug_macro   0x00027eaf      0x1e8 ./Drivers/STM32L4xx_HAL_Driver/Src/stm32l4xx_hal_dma.o
 .debug_macro   0x00028097      0x1ef ./Drivers/STM32L4xx_HAL_Driver/Src/stm32l4xx_hal_gpio.o
 .debug_macro   0x00028286      0x2b4 ./Drivers/STM32L4xx_HAL_Driver/Src/stm32l4xx_hal_i2c.o
 .debug_macro   0x0002853a      0x1e8 ./Drivers/STM32L4xx_HAL_Driver/Src/stm32l4xx_hal_i2c_ex.o
 .debug_macro   0x00028722      0x20c ./Drivers/STM32L4xx_HAL_Driver/Src/stm32l4xx_hal_pwr_ex.o
 .debug_macro   0x0002892e      0x22a ./Drivers/STM32L4xx_HAL_Driver/Src/stm32l4xx_hal_rcc.o
 .debug_macro   0x00028b58      0x21e ./Drivers/STM32L4xx_HAL_Driver/Src/stm32l4xx_hal_rcc_ex.o
 .debug_macro   0x00028d76      0x213 ./Drivers/STM32L4xx_HAL_Driver/Src/stm32l4xx_hal_uart.o
 .debug_macro   0x00028f89      0x313 ./External/ssd1306/ssd1306.o
 .debug_macro   0x0002929c       0x28 ./External/ssd1306/ssd1306.o
 .debug_macro   0x000292c4      0x19b ./External/ssd1306/ssd1306.o
 .debug_macro   0x0002945f       0x16 ./External/ssd1306/ssd1306.o
 .debug_macro   0x00029475      0x23e ./External/ssd1306/ssd1306_fonts.o

.debug_line     0x00000000    0x1396e
 .debug_line    0x00000000      0x870 ./Core/Src/keypad.o
 .debug_line    0x00000870      0xbc1 ./Core/Src/main.o
 .debug_line    0x00001431      0x5a4 ./Core/Src/ring_buffer.o
 .debug_line    0x000019d5      0x8f8 ./Core/Src/stm32l4xx_hal_msp.o
 .debug_line    0x000022cd      0x8bb ./Core/Src/stm32l4xx_it.o
 .debug_line    0x00002b88      0x8b2 ./Core/Src/syscalls.o
 .debug_line    0x0000343a      0x583 ./Core/Src/sysmem.o
 .debug_line    0x000039bd      0x831 ./Core/Src/system_stm32l4xx.o
 .debug_line    0x000041ee       0x7a ./Core/Startup/startup_stm32l476rgtx.o
 .debug_line    0x00004268      0xb8c ./Drivers/STM32L4xx_HAL_Driver/Src/stm32l4xx_hal.o
 .debug_line    0x00004df4      0xd55 ./Drivers/STM32L4xx_HAL_Driver/Src/stm32l4xx_hal_cortex.o
 .debug_line    0x00005b49      0xd91 ./Drivers/STM32L4xx_HAL_Driver/Src/stm32l4xx_hal_dma.o
 .debug_line    0x000068da      0xc18 ./Drivers/STM32L4xx_HAL_Driver/Src/stm32l4xx_hal_gpio.o
 .debug_line    0x000074f2     0x3abf ./Drivers/STM32L4xx_HAL_Driver/Src/stm32l4xx_hal_i2c.o
 .debug_line    0x0000afb1      0x9b4 ./Drivers/STM32L4xx_HAL_Driver/Src/stm32l4xx_hal_i2c_ex.o
 .debug_line    0x0000b965      0xd7e ./Drivers/STM32L4xx_HAL_Driver/Src/stm32l4xx_hal_pwr_ex.o
 .debug_line    0x0000c6e3     0x1005 ./Drivers/STM32L4xx_HAL_Driver/Src/stm32l4xx_hal_rcc.o
 .debug_line    0x0000d6e8     0x1577 ./Drivers/STM32L4xx_HAL_Driver/Src/stm32l4xx_hal_rcc_ex.o
 .debug_line    0x0000ec5f     0x329e ./Drivers/STM32L4xx_HAL_Driver/Src/stm32l4xx_hal_uart.o
 .debug_line    0x00011efd     0x11da ./External/ssd1306/ssd1306.o
 .debug_line    0x000130d7      0x897 ./External/ssd1306/ssd1306_fonts.o

.debug_str      0x00000000    0xffb8d
 .debug_str     0x00000000    0xf4bdf ./Core/Src/keypad.o
                              0xf50af (size before relaxing)
 .debug_str     0x000f4bdf     0x4a12 ./Core/Src/main.o
                              0xf9c25 (size before relaxing)
 .debug_str     0x000f95f1       0x5c ./Core/Src/ring_buffer.o
                               0x3e1a (size before relaxing)
 .debug_str     0x000f964d      0x591 ./Core/Src/stm32l4xx_hal_msp.o
                              0xf6301 (size before relaxing)
 .debug_str     0x000f9bde      0x15c ./Core/Src/stm32l4xx_it.o
                              0xf555f (size before relaxing)
 .debug_str     0x000f9d3a     0x209b ./Core/Src/syscalls.o
                               0x98c5 (size before relaxing)
 .debug_str     0x000fbdd5       0x6b ./Core/Src/sysmem.o
                               0x60dd (size before relaxing)
 .debug_str     0x000fbe40       0xf2 ./Core/Src/system_stm32l4xx.o
                              0xf4edb (size before relaxing)
 .debug_str     0x000fbf32       0x44 ./Core/Startup/startup_stm32l476rgtx.o
                                 0x90 (size before relaxing)
 .debug_str     0x000fbf76      0x633 ./Drivers/STM32L4xx_HAL_Driver/Src/stm32l4xx_hal.o
                              0xf5a6e (size before relaxing)
 .debug_str     0x000fc5a9      0x355 ./Drivers/STM32L4xx_HAL_Driver/Src/stm32l4xx_hal_cortex.o
                              0xf5754 (size before relaxing)
 .debug_str     0x000fc8fe      0x258 ./Drivers/STM32L4xx_HAL_Driver/Src/stm32l4xx_hal_dma.o
                              0xf5145 (size before relaxing)
 .debug_str     0x000fcb56       0xd0 ./Drivers/STM32L4xx_HAL_Driver/Src/stm32l4xx_hal_gpio.o
                              0xf5054 (size before relaxing)
 .debug_str     0x000fcc26      0xda1 ./Drivers/STM32L4xx_HAL_Driver/Src/stm32l4xx_hal_i2c.o
                              0xf60dc (size before relaxing)
 .debug_str     0x000fd9c7       0xb8 ./Drivers/STM32L4xx_HAL_Driver/Src/stm32l4xx_hal_i2c_ex.o
                              0xf53e8 (size before relaxing)
 .debug_str     0x000fda7f      0x4e3 ./Drivers/STM32L4xx_HAL_Driver/Src/stm32l4xx_hal_pwr_ex.o
                              0xf5436 (size before relaxing)
 .debug_str     0x000fdf62      0x39b ./Drivers/STM32L4xx_HAL_Driver/Src/stm32l4xx_hal_rcc.o
                              0xf5521 (size before relaxing)
 .debug_str     0x000fe2fd      0x3bf ./Drivers/STM32L4xx_HAL_Driver/Src/stm32l4xx_hal_rcc_ex.o
                              0xf569a (size before relaxing)
 .debug_str     0x000fe6bc      0x89c ./Drivers/STM32L4xx_HAL_Driver/Src/stm32l4xx_hal_uart.o
                              0xf5c33 (size before relaxing)
 .debug_str     0x000fef58      0xba2 ./External/ssd1306/ssd1306.o
                              0xf9297 (size before relaxing)
 .debug_str     0x000ffafa       0x93 ./External/ssd1306/ssd1306_fonts.o
                              0xf52ff (size before relaxing)

.comment        0x00000000       0x43
 .comment       0x00000000       0x43 ./Core/Src/keypad.o
                                 0x44 (size before relaxing)
 .comment       0x00000043       0x44 ./Core/Src/main.o
 .comment       0x00000043       0x44 ./Core/Src/ring_buffer.o
 .comment       0x00000043       0x44 ./Core/Src/stm32l4xx_hal_msp.o
 .comment       0x00000043       0x44 ./Core/Src/stm32l4xx_it.o
 .comment       0x00000043       0x44 ./Core/Src/syscalls.o
 .comment       0x00000043       0x44 ./Core/Src/sysmem.o
 .comment       0x00000043       0x44 ./Core/Src/system_stm32l4xx.o
 .comment       0x00000043       0x44 ./Drivers/STM32L4xx_HAL_Driver/Src/stm32l4xx_hal.o
 .comment       0x00000043       0x44 ./Drivers/STM32L4xx_HAL_Driver/Src/stm32l4xx_hal_cortex.o
 .comment       0x00000043       0x44 ./Drivers/STM32L4xx_HAL_Driver/Src/stm32l4xx_hal_dma.o
 .comment       0x00000043       0x44 ./Drivers/STM32L4xx_HAL_Driver/Src/stm32l4xx_hal_gpio.o
 .comment       0x00000043       0x44 ./Drivers/STM32L4xx_HAL_Driver/Src/stm32l4xx_hal_i2c.o
 .comment       0x00000043       0x44 ./Drivers/STM32L4xx_HAL_Driver/Src/stm32l4xx_hal_i2c_ex.o
 .comment       0x00000043       0x44 ./Drivers/STM32L4xx_HAL_Driver/Src/stm32l4xx_hal_pwr_ex.o
 .comment       0x00000043       0x44 ./Drivers/STM32L4xx_HAL_Driver/Src/stm32l4xx_hal_rcc.o
 .comment       0x00000043       0x44 ./Drivers/STM32L4xx_HAL_Driver/Src/stm32l4xx_hal_rcc_ex.o
 .comment       0x00000043       0x44 ./Drivers/STM32L4xx_HAL_Driver/Src/stm32l4xx_hal_uart.o
 .comment       0x00000043       0x44 ./External/ssd1306/ssd1306.o
 .comment       0x00000043       0x44 ./External/ssd1306/ssd1306_fonts.o

.debug_frame    0x00000000     0x41f0
 .debug_frame   0x00000000       0x7c ./Core/Src/keypad.o
 .debug_frame   0x0000007c      0x114 ./Core/Src/main.o
 .debug_frame   0x00000190      0x124 ./Core/Src/ring_buffer.o
 .debug_frame   0x000002b4      0x118 ./Core/Src/stm32l4xx_hal_msp.o
 .debug_frame   0x000003cc      0x174 ./Core/Src/stm32l4xx_it.o
 .debug_frame   0x00000540      0x2ac ./Core/Src/syscalls.o
 .debug_frame   0x000007ec       0x34 ./Core/Src/sysmem.o
 .debug_frame   0x00000820       0x58 ./Core/Src/system_stm32l4xx.o
 .debug_frame   0x00000878      0x498 ./Drivers/STM32L4xx_HAL_Driver/Src/stm32l4xx_hal.o
 .debug_frame   0x00000d10      0x4e8 ./Drivers/STM32L4xx_HAL_Driver/Src/stm32l4xx_hal_cortex.o
 .debug_frame   0x000011f8      0x204 ./Drivers/STM32L4xx_HAL_Driver/Src/stm32l4xx_hal_dma.o
 .debug_frame   0x000013fc      0x14c ./Drivers/STM32L4xx_HAL_Driver/Src/stm32l4xx_hal_gpio.o
 .debug_frame   0x00001548      0xc38 ./Drivers/STM32L4xx_HAL_Driver/Src/stm32l4xx_hal_i2c.o
 .debug_frame   0x00002180      0x100 ./Drivers/STM32L4xx_HAL_Driver/Src/stm32l4xx_hal_i2c_ex.o
 .debug_frame   0x00002280      0x584 ./Drivers/STM32L4xx_HAL_Driver/Src/stm32l4xx_hal_pwr_ex.o
 .debug_frame   0x00002804      0x21c ./Drivers/STM32L4xx_HAL_Driver/Src/stm32l4xx_hal_rcc.o
 .debug_frame   0x00002a20      0x2fc ./Drivers/STM32L4xx_HAL_Driver/Src/stm32l4xx_hal_rcc_ex.o
 .debug_frame   0x00002d1c      0x9f4 ./Drivers/STM32L4xx_HAL_Driver/Src/stm32l4xx_hal_uart.o
 .debug_frame   0x00003710      0x3e4 ./External/ssd1306/ssd1306.o
 .debug_frame   0x00003af4      0x144 C:/ST/STM32CubeIDE_1.13.1/STM32CubeIDE/plugins/com.st.stm32cube.ide.mcu.externaltools.gnu-tools-for-stm32.12.3.rel1.win32_1.0.200.202406191623/tools/bin/../lib/gcc/arm-none-eabi/12.3.1/../../../../arm-none-eabi/lib/thumb/v7e-m+fp/hard\libc_nano.a(libc_a-findfp.o)
 .debug_frame   0x00003c38       0x34 C:/ST/STM32CubeIDE_1.13.1/STM32CubeIDE/plugins/com.st.stm32cube.ide.mcu.externaltools.gnu-tools-for-stm32.12.3.rel1.win32_1.0.200.202406191623/tools/bin/../lib/gcc/arm-none-eabi/12.3.1/../../../../arm-none-eabi/lib/thumb/v7e-m+fp/hard\libc_nano.a(libc_a-fwalk.o)
 .debug_frame   0x00003c6c       0x3c C:/ST/STM32CubeIDE_1.13.1/STM32CubeIDE/plugins/com.st.stm32cube.ide.mcu.externaltools.gnu-tools-for-stm32.12.3.rel1.win32_1.0.200.202406191623/tools/bin/../lib/gcc/arm-none-eabi/12.3.1/../../../../arm-none-eabi/lib/thumb/v7e-m+fp/hard\libc_nano.a(libc_a-puts.o)
 .debug_frame   0x00003ca8       0x88 C:/ST/STM32CubeIDE_1.13.1/STM32CubeIDE/plugins/com.st.stm32cube.ide.mcu.externaltools.gnu-tools-for-stm32.12.3.rel1.win32_1.0.200.202406191623/tools/bin/../lib/gcc/arm-none-eabi/12.3.1/../../../../arm-none-eabi/lib/thumb/v7e-m+fp/hard\libc_nano.a(libc_a-stdio.o)
 .debug_frame   0x00003d30       0x40 C:/ST/STM32CubeIDE_1.13.1/STM32CubeIDE/plugins/com.st.stm32cube.ide.mcu.externaltools.gnu-tools-for-stm32.12.3.rel1.win32_1.0.200.202406191623/tools/bin/../lib/gcc/arm-none-eabi/12.3.1/../../../../arm-none-eabi/lib/thumb/v7e-m+fp/hard\libc_nano.a(libc_a-wbuf.o)
 .debug_frame   0x00003d70       0x2c C:/ST/STM32CubeIDE_1.13.1/STM32CubeIDE/plugins/com.st.stm32cube.ide.mcu.externaltools.gnu-tools-for-stm32.12.3.rel1.win32_1.0.200.202406191623/tools/bin/../lib/gcc/arm-none-eabi/12.3.1/../../../../arm-none-eabi/lib/thumb/v7e-m+fp/hard\libc_nano.a(libc_a-wsetup.o)