../Core/Src/main.c:129:5:_write	24	static
../Core/Src/main.c:156:6:HAL_GPIO_EXTI_Callback	32	static
../Core/Src/main.c:263:5:main	24	static
../Core/Src/main.c:380:6:SystemClock_Config	96	static
../Core/Src/main.c:431:6:PeriphCommonClock_Config	144	static
../Core/Src/main.c:457:13:MX_ADC1_Init	48	static
../Core/Src/main.c:524:13:MX_ADC2_Init	32	static
../Core/Src/main.c:587:13:MX_I2C1_Init	8	static
../Core/Src/main.c:635:13:MX_USART2_UART_Init	8	static
../Core/Src/main.c:670:13:MX_GPIO_Init	40	static
../Core/Src/main.c:741:6:Error_Handler	4	static,ignoring_inline_asm
