../Core/Src/main.c:136:5:_write	24	static
../Core/Src/main.c:163:6:HAL_GPIO_EXTI_Callback	32	static
../Core/Src/main.c:277:5:main	32	static
../Core/Src/main.c:435:6:SystemClock_Config	96	static
../Core/Src/main.c:484:6:PeriphCommonClock_Config	144	static
../Core/Src/main.c:510:13:MX_ADC1_Init	48	static
../Core/Src/main.c:577:13:MX_ADC2_Init	32	static
../Core/Src/main.c:635:13:MX_I2C1_Init	8	static
../Core/Src/main.c:683:13:MX_USART2_UART_Init	8	static
../Core/Src/main.c:718:13:MX_GPIO_Init	48	static
../Core/Src/main.c:802:6:Error_Handler	4	static,ignoring_inline_asm
