../Core/Src/main.c:144:5:_write	24	static
../Core/Src/main.c:153:6:HAL_UART_RxCpltCallback	56	static
../Core/Src/main.c:209:6:HAL_GPIO_EXTI_Callback	32	static
../Core/Src/main.c:323:5:main	48	static
../Core/Src/main.c:500:6:SystemClock_Config	96	static
../Core/Src/main.c:549:6:PeriphCommonClock_Config	144	static
../Core/Src/main.c:575:13:MX_ADC1_Init	48	static
../Core/Src/main.c:642:13:MX_ADC2_Init	32	static
../Core/Src/main.c:700:13:MX_I2C1_Init	8	static
../Core/Src/main.c:748:13:MX_USART2_UART_Init	8	static
../Core/Src/main.c:783:13:MX_GPIO_Init	48	static
../Core/Src/main.c:867:6:Error_Handler	4	static,ignoring_inline_asm
