../Core/Src/stm32l4xx_it.c:71:6:NMI_Handler	0	static
../Core/Src/stm32l4xx_it.c:86:6:HardFault_Handler	0	static
../Core/Src/stm32l4xx_it.c:101:6:MemManage_Handler	0	static
../Core/Src/stm32l4xx_it.c:116:6:BusFault_Handler	0	static
../Core/Src/stm32l4xx_it.c:131:6:UsageFault_Handler	0	static
../Core/Src/stm32l4xx_it.c:146:6:SVC_Handler	0	static
../Core/Src/stm32l4xx_it.c:159:6:DebugMon_Handler	0	static
../Core/Src/stm32l4xx_it.c:172:6:PendSV_Handler	0	static
../Core/Src/stm32l4xx_it.c:185:6:SysTick_Handler	0	static
../Core/Src/stm32l4xx_it.c:206:6:ADC1_2_IRQHandler	8	static
../Core/Src/stm32l4xx_it.c:221:6:EXTI9_5_IRQHandler	8	static
../Core/Src/stm32l4xx_it.c:237:6:USART2_IRQHandler	0	static
../Core/Src/stm32l4xx_it.c:251:6:EXTI15_10_IRQHandler	8	static
../Core/Src/stm32l4xx_it.c:266:6:FPU_IRQHandler	0	static
