../External/ssd1306/ssd1306.c:8:6:ssd1306_Reset	0	static
../External/ssd1306/ssd1306.c:13:6:ssd1306_WriteCommand	32	static
../External/ssd1306/ssd1306.c:18:6:ssd1306_WriteData	24	static
../External/ssd1306/ssd1306.c:63:17:ssd1306_FillBuffer	8	static
../External/ssd1306/ssd1306.c:175:6:ssd1306_Fill	0	static
../External/ssd1306/ssd1306.c:180:6:ssd1306_UpdateScreen	56	static
../External/ssd1306/ssd1306.c:73:6:ssd1306_Init	56	static
../External/ssd1306/ssd1306.c:201:6:ssd1306_DrawPixel	4	static
../External/ssd1306/ssd1306.c:221:6:ssd1306_WriteChar	72	static
../External/ssd1306/ssd1306.c:256:6:ssd1306_WriteString	40	static
../External/ssd1306/ssd1306.c:270:6:ssd1306_SetCursor	0	static
../External/ssd1306/ssd1306.c:276:6:ssd1306_Line	56	static
../External/ssd1306/ssd1306.c:303:6:ssd1306_Polyline	32	static
../External/ssd1306/ssd1306.c:338:6:ssd1306_DrawArc	72	static
../External/ssd1306/ssd1306.c:378:6:ssd1306_DrawArcWithRadiusLine	80	static
../External/ssd1306/ssd1306.c:421:6:ssd1306_DrawCircle	64	static
../External/ssd1306/ssd1306.c:456:6:ssd1306_FillCircle	56	static
../External/ssd1306/ssd1306.c:492:6:ssd1306_DrawRectangle	32	static
../External/ssd1306/ssd1306.c:502:6:ssd1306_FillRectangle	32	static
../External/ssd1306/ssd1306.c:516:17:ssd1306_InvertRectangle	20	static
../External/ssd1306/ssd1306.c:547:6:ssd1306_DrawBitmap	56	static
../External/ssd1306/ssd1306.c:571:6:ssd1306_SetContrast	48	static
../External/ssd1306/ssd1306.c:577:6:ssd1306_SetDisplayOn	32	static
../External/ssd1306/ssd1306.c:589:9:ssd1306_GetDisplayOn	0	static
